Archive member included to satisfy reference by file (symbol)

build/libcollective_a.a(collective_a.o)
                              build/app.o (collective_a_run)
build/libverbs_vendor.a(vendor_open.o)
                              build/libcollective_a.a(collective_a.o) (vx_open_device)
build/libverbs_vendor.a(vendor_name.o)
                              build/libcollective_a.a(collective_a.o) (vx_device_name)
build/libcollective_b.a(collective_b.o)
                              build/app.o (collective_b_run)

Merging program properties

Removed property 0xc0000000 to merge /usr/lib/gcc/aarch64-linux-gnu/13/crtbeginS.o (0x3) and /usr/lib/gcc/aarch64-linux-gnu/13/../../../aarch64-linux-gnu/Scrt1.o (not found)
Removed property 0xc0000000 to merge /usr/lib/gcc/aarch64-linux-gnu/13/crtbeginS.o (not found) and /usr/lib/gcc/aarch64-linux-gnu/13/crtendS.o (0x3)

As-needed library included to satisfy reference by file (symbol)

libc.so.6                     build/app.o (puts@@GLIBC_2.17)

Discarded input sections

 .note.GNU-stack
                0x0000000000000000        0x0 /usr/lib/gcc/aarch64-linux-gnu/13/../../../aarch64-linux-gnu/Scrt1.o
 .note.GNU-stack
                0x0000000000000000        0x0 /usr/lib/gcc/aarch64-linux-gnu/13/../../../aarch64-linux-gnu/crti.o
 .note.GNU-stack
                0x0000000000000000        0x0 /usr/lib/gcc/aarch64-linux-gnu/13/crtbeginS.o
 .note.gnu.property
                0x0000000000000000       0x20 /usr/lib/gcc/aarch64-linux-gnu/13/crtbeginS.o
 .note.GNU-stack
                0x0000000000000000        0x0 build/app.o
 .note.GNU-stack
                0x0000000000000000        0x0 build/libcollective_a.a(collective_a.o)
 .note.GNU-stack
                0x0000000000000000        0x0 build/libverbs_vendor.a(vendor_open.o)
 .note.GNU-stack
                0x0000000000000000        0x0 build/libverbs_vendor.a(vendor_name.o)
 .note.GNU-stack
                0x0000000000000000        0x0 build/libcollective_b.a(collective_b.o)
 .note.GNU-stack
                0x0000000000000000        0x0 /usr/lib/gcc/aarch64-linux-gnu/13/crtendS.o
 .note.gnu.property
                0x0000000000000000       0x20 /usr/lib/gcc/aarch64-linux-gnu/13/crtendS.o
 .note.GNU-stack
                0x0000000000000000        0x0 /usr/lib/gcc/aarch64-linux-gnu/13/../../../aarch64-linux-gnu/crtn.o

Memory Configuration

Name             Origin             Length             Attributes
*default*        0x0000000000000000 0xffffffffffffffff

Linker script and memory map

LOAD /usr/lib/gcc/aarch64-linux-gnu/13/../../../aarch64-linux-gnu/Scrt1.o
LOAD /usr/lib/gcc/aarch64-linux-gnu/13/../../../aarch64-linux-gnu/crti.o
LOAD /usr/lib/gcc/aarch64-linux-gnu/13/crtbeginS.o
LOAD build/app.o
LOAD build/libcollective_a.a
LOAD build/libverbs_vendor.a
LOAD build/libcollective_b.a
LOAD build/libverbs_bundled.a
LOAD /usr/lib/gcc/aarch64-linux-gnu/13/libgcc.a
LOAD /usr/lib/gcc/aarch64-linux-gnu/13/libgcc_s.so
START GROUP
LOAD /usr/lib/gcc/aarch64-linux-gnu/13/../../../aarch64-linux-gnu/libgcc_s.so.1
LOAD /usr/lib/gcc/aarch64-linux-gnu/13/libgcc.a
END GROUP
LOAD /usr/lib/gcc/aarch64-linux-gnu/13/../../../aarch64-linux-gnu/libc.so
START GROUP
LOAD /lib/aarch64-linux-gnu/libc.so.6
LOAD /usr/lib/aarch64-linux-gnu/libc_nonshared.a
LOAD /lib/ld-linux-aarch64.so.1
END GROUP
LOAD /usr/lib/gcc/aarch64-linux-gnu/13/libgcc.a
LOAD /usr/lib/gcc/aarch64-linux-gnu/13/libgcc_s.so
START GROUP
LOAD /usr/lib/gcc/aarch64-linux-gnu/13/../../../aarch64-linux-gnu/libgcc_s.so.1
LOAD /usr/lib/gcc/aarch64-linux-gnu/13/libgcc.a
END GROUP
LOAD /usr/lib/gcc/aarch64-linux-gnu/13/crtendS.o
LOAD /usr/lib/gcc/aarch64-linux-gnu/13/../../../aarch64-linux-gnu/crtn.o
                [!provide]                        PROVIDE (__executable_start = SEGMENT_START ("text-segment", 0x0))
                0x0000000000000238                . = (SEGMENT_START ("text-segment", 0x0) + SIZEOF_HEADERS)

.interp         0x0000000000000238       0x1b
 *(.interp)
 .interp        0x0000000000000238       0x1b /usr/lib/gcc/aarch64-linux-gnu/13/../../../aarch64-linux-gnu/Scrt1.o

.note.gnu.build-id
                0x0000000000000254       0x24
 *(.note.gnu.build-id)
 .note.gnu.build-id
                0x0000000000000254       0x24 /usr/lib/gcc/aarch64-linux-gnu/13/../../../aarch64-linux-gnu/Scrt1.o

.note.ABI-tag   0x0000000000000278       0x20
 .note.ABI-tag  0x0000000000000278       0x20 /usr/lib/gcc/aarch64-linux-gnu/13/../../../aarch64-linux-gnu/Scrt1.o

.hash
 *(.hash)

.gnu.hash       0x0000000000000298       0x1c
 *(.gnu.hash)
 .gnu.hash      0x0000000000000298       0x1c /usr/lib/gcc/aarch64-linux-gnu/13/../../../aarch64-linux-gnu/Scrt1.o

.dynsym         0x00000000000002b8      0x120
 *(.dynsym)
 .dynsym        0x00000000000002b8      0x120 /usr/lib/gcc/aarch64-linux-gnu/13/../../../aarch64-linux-gnu/Scrt1.o

.dynstr         0x00000000000003d8       0xa0
 *(.dynstr)
 .dynstr        0x00000000000003d8       0xa0 /usr/lib/gcc/aarch64-linux-gnu/13/../../../aarch64-linux-gnu/Scrt1.o

.gnu.version    0x0000000000000478       0x18
 *(.gnu.version)
 .gnu.version   0x0000000000000478       0x18 /usr/lib/gcc/aarch64-linux-gnu/13/../../../aarch64-linux-gnu/Scrt1.o

.gnu.version_d  0x0000000000000490        0x0
 *(.gnu.version_d)
 .gnu.version_d
                0x0000000000000490        0x0 /usr/lib/gcc/aarch64-linux-gnu/13/../../../aarch64-linux-gnu/Scrt1.o

.gnu.version_r  0x0000000000000490       0x30
 *(.gnu.version_r)
 .gnu.version_r
                0x0000000000000490       0x30 /usr/lib/gcc/aarch64-linux-gnu/13/../../../aarch64-linux-gnu/Scrt1.o

.rela.dyn       0x00000000000004c0       0xf0
 *(.rela.init)
 *(.rela.text .rela.text.* .rela.gnu.linkonce.t.*)
 *(.rela.fini)
 *(.rela.rodata .rela.rodata.* .rela.gnu.linkonce.r.*)
 *(.rela.data .rela.data.* .rela.gnu.linkonce.d.*)
 .rela.data.rel.ro
                0x00000000000004c0        0x0 /usr/lib/gcc/aarch64-linux-gnu/13/../../../aarch64-linux-gnu/Scrt1.o
 .rela.data.rel.local
                0x00000000000004c0       0x18 /usr/lib/gcc/aarch64-linux-gnu/13/../../../aarch64-linux-gnu/Scrt1.o
 .rela.data.rel.ro.local
                0x00000000000004d8       0x30 /usr/lib/gcc/aarch64-linux-gnu/13/../../../aarch64-linux-gnu/Scrt1.o
 *(.rela.tdata .rela.tdata.* .rela.gnu.linkonce.td.*)
 *(.rela.tbss .rela.tbss.* .rela.gnu.linkonce.tb.*)
 *(.rela.ctors)
 *(.rela.dtors)
 *(.rela.got)
 .rela.got      0x0000000000000508       0x78 /usr/lib/gcc/aarch64-linux-gnu/13/../../../aarch64-linux-gnu/Scrt1.o
 *(.rela.bss .rela.bss.* .rela.gnu.linkonce.b.*)
 .rela.bss      0x0000000000000580        0x0 /usr/lib/gcc/aarch64-linux-gnu/13/../../../aarch64-linux-gnu/Scrt1.o
 *(.rela.ifunc)
 .rela.ifunc    0x0000000000000580        0x0 /usr/lib/gcc/aarch64-linux-gnu/13/../../../aarch64-linux-gnu/Scrt1.o
 .rela.fini_array
                0x0000000000000580       0x18 /usr/lib/gcc/aarch64-linux-gnu/13/../../../aarch64-linux-gnu/Scrt1.o
 .rela.init_array
                0x0000000000000598       0x18 /usr/lib/gcc/aarch64-linux-gnu/13/../../../aarch64-linux-gnu/Scrt1.o

.rela.plt       0x00000000000005b0       0xa8
 *(.rela.plt)
 .rela.plt      0x00000000000005b0       0xa8 /usr/lib/gcc/aarch64-linux-gnu/13/../../../aarch64-linux-gnu/Scrt1.o
 *(.rela.iplt)

.init           0x0000000000000658       0x18
 *(SORT_NONE(.init))
 .init          0x0000000000000658       0x10 /usr/lib/gcc/aarch64-linux-gnu/13/../../../aarch64-linux-gnu/crti.o
                0x0000000000000658                _init
 .init          0x0000000000000668        0x8 /usr/lib/gcc/aarch64-linux-gnu/13/../../../aarch64-linux-gnu/crtn.o

.plt            0x0000000000000670       0x90
 *(.plt)
 .plt           0x0000000000000670       0x90 /usr/lib/gcc/aarch64-linux-gnu/13/../../../aarch64-linux-gnu/Scrt1.o
 *(.iplt)

.text           0x0000000000000700      0x2c8
 *(.text.unlikely .text.*_unlikely .text.unlikely.*)
 *(.text.exit .text.exit.*)
 *(.text.startup .text.startup.*)
 *(.text.hot .text.hot.*)
 *(SORT_BY_NAME(.text.sorted.*))
 *(.text .stub .text.* .gnu.linkonce.t.*)
 .text          0x0000000000000700       0x34 /usr/lib/gcc/aarch64-linux-gnu/13/../../../aarch64-linux-gnu/Scrt1.o
                0x0000000000000700                _start
 .text          0x0000000000000734       0x14 /usr/lib/gcc/aarch64-linux-gnu/13/../../../aarch64-linux-gnu/crti.o
 *fill*         0x0000000000000748        0x8 1f2003d5
 .text          0x0000000000000750       0xc8 /usr/lib/gcc/aarch64-linux-gnu/13/crtbeginS.o
 .text          0x0000000000000818        0x0 build/app.o
 .text.main     0x0000000000000818       0x34 build/app.o
                0x0000000000000818                main
 .text          0x000000000000084c        0x0 build/libcollective_a.a(collective_a.o)
 .text.collective_a_run
                0x000000000000084c       0x7c build/libcollective_a.a(collective_a.o)
                0x000000000000084c                collective_a_run
 .text          0x00000000000008c8        0x0 build/libverbs_vendor.a(vendor_open.o)
 .text.vx_open_device
                0x00000000000008c8       0x40 build/libverbs_vendor.a(vendor_open.o)
                0x00000000000008c8                vx_open_device
 .text          0x0000000000000908        0x0 build/libverbs_vendor.a(vendor_name.o)
 .text.vx_device_name
                0x0000000000000908       0x44 build/libverbs_vendor.a(vendor_name.o)
                0x0000000000000908                vx_device_name
 .text          0x000000000000094c        0x0 build/libcollective_b.a(collective_b.o)
 .text.collective_b_run
                0x000000000000094c       0x7c build/libcollective_b.a(collective_b.o)
                0x000000000000094c                collective_b_run
 .text          0x00000000000009c8        0x0 /usr/lib/gcc/aarch64-linux-gnu/13/crtendS.o
 .text          0x00000000000009c8        0x0 /usr/lib/gcc/aarch64-linux-gnu/13/../../../aarch64-linux-gnu/crtn.o
 *(.gnu.warning)

.fini           0x00000000000009c8       0x14
 *(SORT_NONE(.fini))
 .fini          0x00000000000009c8        0xc /usr/lib/gcc/aarch64-linux-gnu/13/../../../aarch64-linux-gnu/crti.o
                0x00000000000009c8                _fini
 .fini          0x00000000000009d4        0x8 /usr/lib/gcc/aarch64-linux-gnu/13/../../../aarch64-linux-gnu/crtn.o
                [!provide]                        PROVIDE (__etext = .)
                [!provide]                        PROVIDE (_etext = .)
                [!provide]                        PROVIDE (etext = .)

.rodata         0x00000000000009e0      0x1bf
 *(.rodata .rodata.* .gnu.linkonce.r.*)
 .rodata.cst4   0x00000000000009e0        0x4 /usr/lib/gcc/aarch64-linux-gnu/13/../../../aarch64-linux-gnu/Scrt1.o
                0x00000000000009e0                _IO_stdin_used
 *fill*         0x00000000000009e4        0x4 
 .rodata        0x00000000000009e8       0x3b build/app.o
 *fill*         0x0000000000000a23        0x5 
 .rodata        0x0000000000000a28       0x9f build/libcollective_a.a(collective_a.o)
 *fill*         0x0000000000000ac7        0x1 
 .rodata        0x0000000000000ac8        0x8 build/libverbs_vendor.a(vendor_open.o)
 .rodata        0x0000000000000ad0       0x2c build/libverbs_vendor.a(vendor_name.o)
 *fill*         0x0000000000000afc        0x4 
 .rodata        0x0000000000000b00       0x9f build/libcollective_b.a(collective_b.o)

.rodata1
 *(.rodata1)

.eh_frame_hdr   0x0000000000000ba0       0x5c
 *(.eh_frame_hdr)
 .eh_frame_hdr  0x0000000000000ba0       0x5c /usr/lib/gcc/aarch64-linux-gnu/13/../../../aarch64-linux-gnu/Scrt1.o
                0x0000000000000ba0                __GNU_EH_FRAME_HDR
 *(.eh_frame_entry .eh_frame_entry.*)

.eh_frame       0x0000000000000c00      0x124
 *(.eh_frame)
 .eh_frame      0x0000000000000c00       0x28 /usr/lib/gcc/aarch64-linux-gnu/13/../../../aarch64-linux-gnu/Scrt1.o
 .eh_frame      0x0000000000000c28       0x68 /usr/lib/gcc/aarch64-linux-gnu/13/crtbeginS.o
                                         0x78 (size before relaxing)
 .eh_frame      0x0000000000000c90       0x20 build/app.o
                                         0x38 (size before relaxing)
 .eh_frame      0x0000000000000cb0       0x20 build/libcollective_a.a(collective_a.o)
                                         0x38 (size before relaxing)
 .eh_frame      0x0000000000000cd0       0x18 build/libverbs_vendor.a(vendor_open.o)
                                         0x30 (size before relaxing)
 .eh_frame      0x0000000000000ce8       0x18 build/libverbs_vendor.a(vendor_name.o)
                                         0x30 (size before relaxing)
 .eh_frame      0x0000000000000d00       0x20 build/libcollective_b.a(collective_b.o)
                                         0x38 (size before relaxing)
 .eh_frame      0x0000000000000d20        0x4 /usr/lib/gcc/aarch64-linux-gnu/13/crtendS.o
 *(.eh_frame.*)

.sframe
 *(.sframe)
 *(.sframe.*)

.gcc_except_table
 *(.gcc_except_table .gcc_except_table.*)

.gnu_extab
 *(.gnu_extab*)

.exception_ranges
 *(.exception_ranges*)
                0x000000000001fd70                . = DATA_SEGMENT_ALIGN (CONSTANT (MAXPAGESIZE), CONSTANT (COMMONPAGESIZE))

.eh_frame
 *(.eh_frame)
 *(.eh_frame.*)

.sframe
 *(.sframe)
 *(.sframe.*)

.gnu_extab
 *(.gnu_extab)

.gcc_except_table
 *(.gcc_except_table .gcc_except_table.*)

.exception_ranges
 *(.exception_ranges*)

.tdata          0x000000000001fd70        0x0
                [!provide]                        PROVIDE (__tdata_start = .)
 *(.tdata .tdata.* .gnu.linkonce.td.*)

.tbss
 *(.tbss .tbss.* .gnu.linkonce.tb.*)
 *(.tcommon)

.preinit_array  0x000000000001fd70        0x0
                [!provide]                        PROVIDE (__preinit_array_start = .)
 *(.preinit_array)
                [!provide]                        PROVIDE (__preinit_array_end = .)

.init_array     0x000000000001fd70        0x8
                [!provide]                        PROVIDE (__init_array_start = .)
 *(SORT_BY_INIT_PRIORITY(.init_array.*) SORT_BY_INIT_PRIORITY(.ctors.*))
 *(.init_array EXCLUDE_FILE(*crtend?.o *crtend.o *crtbegin?.o *crtbegin.o) .ctors)
 .init_array    0x000000000001fd70        0x8 /usr/lib/gcc/aarch64-linux-gnu/13/crtbeginS.o
                [!provide]                        PROVIDE (__init_array_end = .)

.fini_array     0x000000000001fd78        0x8
                [!provide]                        PROVIDE (__fini_array_start = .)
 *(SORT_BY_INIT_PRIORITY(.fini_array.*) SORT_BY_INIT_PRIORITY(.dtors.*))
 *(.fini_array EXCLUDE_FILE(*crtend?.o *crtend.o *crtbegin?.o *crtbegin.o) .dtors)
 .fini_array    0x000000000001fd78        0x8 /usr/lib/gcc/aarch64-linux-gnu/13/crtbeginS.o
                [!provide]                        PROVIDE (__fini_array_end = .)

.ctors
 *crtbegin.o(.ctors)
 *crtbegin?.o(.ctors)
 *(EXCLUDE_FILE(*crtend?.o *crtend.o) .ctors)
 *(SORT_BY_NAME(.ctors.*))
 *(.ctors)

.dtors
 *crtbegin.o(.dtors)
 *crtbegin?.o(.dtors)
 *(EXCLUDE_FILE(*crtend?.o *crtend.o) .dtors)
 *(SORT_BY_NAME(.dtors.*))
 *(.dtors)

.jcr
 *(.jcr)

.data.rel.ro    0x000000000001fd80       0x10
 *(.data.rel.ro.local* .gnu.linkonce.d.rel.ro.local.*)
 .data.rel.ro.local
                0x000000000001fd80       0x10 build/libverbs_vendor.a(vendor_name.o)
 *(.data.rel.ro .data.rel.ro.* .gnu.linkonce.d.rel.ro.*)
 .data.rel.ro   0x000000000001fd90        0x0 /usr/lib/gcc/aarch64-linux-gnu/13/../../../aarch64-linux-gnu/Scrt1.o

.dynamic        0x000000000001fd90      0x1f0
 *(.dynamic)
 .dynamic       0x000000000001fd90      0x1f0 /usr/lib/gcc/aarch64-linux-gnu/13/../../../aarch64-linux-gnu/Scrt1.o
                0x000000000001fd90                _DYNAMIC

.got            0x000000000001ff80       0x80
 *(.got.plt)
 .got.plt       0x000000000001ff80       0x50 /usr/lib/gcc/aarch64-linux-gnu/13/../../../aarch64-linux-gnu/Scrt1.o
 *(.igot.plt)
 *(.got)
 .got           0x000000000001ffd0       0x30 /usr/lib/gcc/aarch64-linux-gnu/13/../../../aarch64-linux-gnu/Scrt1.o
                0x000000000001ffd0                _GLOBAL_OFFSET_TABLE_
 *(.igot)
                0x0000000000020000                . = DATA_SEGMENT_RELRO_END (., 0x0)

.data           0x0000000000020000       0x10
                [!provide]                        PROVIDE (__data_start = .)
 *(.data .data.* .gnu.linkonce.d.*)
 .data          0x0000000000020000        0x4 /usr/lib/gcc/aarch64-linux-gnu/13/../../../aarch64-linux-gnu/Scrt1.o
                0x0000000000020000                data_start
                0x0000000000020000                __data_start
 .data          0x0000000000020004        0x0 /usr/lib/gcc/aarch64-linux-gnu/13/../../../aarch64-linux-gnu/crti.o
 .data          0x0000000000020004        0x0 /usr/lib/gcc/aarch64-linux-gnu/13/crtbeginS.o
 *fill*         0x0000000000020004        0x4 
 .data.rel.local
                0x0000000000020008        0x8 /usr/lib/gcc/aarch64-linux-gnu/13/crtbeginS.o
                0x0000000000020008                __dso_handle
 .data          0x0000000000020010        0x0 build/app.o
 .data          0x0000000000020010        0x0 build/libcollective_a.a(collective_a.o)
 .data          0x0000000000020010        0x0 build/libverbs_vendor.a(vendor_open.o)
 .data          0x0000000000020010        0x0 build/libverbs_vendor.a(vendor_name.o)
 .data          0x0000000000020010        0x0 build/libcollective_b.a(collective_b.o)
 .data          0x0000000000020010        0x0 /usr/lib/gcc/aarch64-linux-gnu/13/crtendS.o
 .data          0x0000000000020010        0x0 /usr/lib/gcc/aarch64-linux-gnu/13/../../../aarch64-linux-gnu/crtn.o

.tm_clone_table
                0x0000000000020010        0x0
 .tm_clone_table
                0x0000000000020010        0x0 /usr/lib/gcc/aarch64-linux-gnu/13/crtbeginS.o
 .tm_clone_table
                0x0000000000020010        0x0 /usr/lib/gcc/aarch64-linux-gnu/13/crtendS.o

.data1
 *(.data1)
                0x0000000000020010                _edata = .
                [!provide]                        PROVIDE (edata = .)
                0x0000000000020010                . = ALIGN (ALIGNOF (NEXT_SECTION))
                0x0000000000020010                __bss_start = .
                0x0000000000020010                __bss_start__ = .

.bss            0x0000000000020010        0x8
 *(.dynbss)
 .dynbss        0x0000000000020010        0x0 /usr/lib/gcc/aarch64-linux-gnu/13/../../../aarch64-linux-gnu/Scrt1.o
 *(.bss .bss.* .gnu.linkonce.b.*)
 .bss           0x0000000000020010        0x0 /usr/lib/gcc/aarch64-linux-gnu/13/../../../aarch64-linux-gnu/Scrt1.o
 .bss           0x0000000000020010        0x0 /usr/lib/gcc/aarch64-linux-gnu/13/../../../aarch64-linux-gnu/crti.o
 .bss           0x0000000000020010        0x1 /usr/lib/gcc/aarch64-linux-gnu/13/crtbeginS.o
 .bss           0x0000000000020011        0x0 build/app.o
 .bss           0x0000000000020011        0x0 build/libcollective_a.a(collective_a.o)
 .bss           0x0000000000020011        0x0 build/libverbs_vendor.a(vendor_open.o)
 .bss           0x0000000000020011        0x0 build/libverbs_vendor.a(vendor_name.o)
 .bss           0x0000000000020011        0x0 build/libcollective_b.a(collective_b.o)
 .bss           0x0000000000020011        0x0 /usr/lib/gcc/aarch64-linux-gnu/13/crtendS.o
 .bss           0x0000000000020011        0x0 /usr/lib/gcc/aarch64-linux-gnu/13/../../../aarch64-linux-gnu/crtn.o
 *(COMMON)
                0x0000000000020018                . = ALIGN ((. != 0x0)?0x8:0x1)
 *fill*         0x0000000000020011        0x7 
                0x0000000000020018                _bss_end__ = .
                0x0000000000020018                __bss_end__ = .
                0x0000000000020018                . = ALIGN (0x8)
                0x0000000000020018                . = SEGMENT_START ("ldata-segment", .)
                0x0000000000020018                . = ALIGN (0x8)
                0x0000000000020018                __end__ = .
                0x0000000000020018                _end = .
                [!provide]                        PROVIDE (end = .)
                0x0000000000020018                . = DATA_SEGMENT_END (.)

.stab
 *(.stab)

.stabstr
 *(.stabstr)

.stab.excl
 *(.stab.excl)

.stab.exclstr
 *(.stab.exclstr)

.stab.index
 *(.stab.index)

.stab.indexstr
 *(.stab.indexstr)

.comment        0x0000000000000000       0x2d
 *(.comment)
 .comment       0x0000000000000000       0x2d /usr/lib/gcc/aarch64-linux-gnu/13/crtbeginS.o
                                         0x2e (size before relaxing)
 .comment       0x000000000000002d       0x2e build/app.o
 .comment       0x000000000000002d       0x2e build/libcollective_a.a(collective_a.o)
 .comment       0x000000000000002d       0x2e build/libverbs_vendor.a(vendor_open.o)
 .comment       0x000000000000002d       0x2e build/libverbs_vendor.a(vendor_name.o)
 .comment       0x000000000000002d       0x2e build/libcollective_b.a(collective_b.o)
 .comment       0x000000000000002d       0x2e /usr/lib/gcc/aarch64-linux-gnu/13/crtendS.o

.gnu.build.attributes
 *(.gnu.build.attributes .gnu.build.attributes.*)

.debug
 *(.debug)

.line
 *(.line)

.debug_srcinfo
 *(.debug_srcinfo)

.debug_sfnames
 *(.debug_sfnames)

.debug_aranges  0x0000000000000000       0xf0
 *(.debug_aranges)
 .debug_aranges
                0x0000000000000000       0x30 build/app.o
 .debug_aranges
                0x0000000000000030       0x30 build/libcollective_a.a(collective_a.o)
 .debug_aranges
                0x0000000000000060       0x30 build/libverbs_vendor.a(vendor_open.o)
 .debug_aranges
                0x0000000000000090       0x30 build/libverbs_vendor.a(vendor_name.o)
 .debug_aranges
                0x00000000000000c0       0x30 build/libcollective_b.a(collective_b.o)

.debug_pubnames
 *(.debug_pubnames)

.debug_info     0x0000000000000000      0x3b8
 *(.debug_info .gnu.linkonce.wi.*)
 .debug_info    0x0000000000000000       0x94 build/app.o
 .debug_info    0x0000000000000094       0xee build/libcollective_a.a(collective_a.o)
 .debug_info    0x0000000000000182       0x9b build/libverbs_vendor.a(vendor_open.o)
 .debug_info    0x000000000000021d       0xad build/libverbs_vendor.a(vendor_name.o)
 .debug_info    0x00000000000002ca       0xee build/libcollective_b.a(collective_b.o)

.debug_abbrev   0x0000000000000000      0x2a7
 *(.debug_abbrev)
 .debug_abbrev  0x0000000000000000       0x5a build/app.o
 .debug_abbrev  0x000000000000005a       0xa0 build/libcollective_a.a(collective_a.o)
 .debug_abbrev  0x00000000000000fa       0x82 build/libverbs_vendor.a(vendor_open.o)
 .debug_abbrev  0x000000000000017c       0x8b build/libverbs_vendor.a(vendor_name.o)
 .debug_abbrev  0x0000000000000207       0xa0 build/libcollective_b.a(collective_b.o)

.debug_line     0x0000000000000000      0x223
 *(.debug_line .debug_line.* .debug_line_end)
 .debug_line    0x0000000000000000       0x5b build/app.o
 .debug_line    0x000000000000005b       0x82 build/libcollective_a.a(collective_a.o)
 .debug_line    0x00000000000000dd       0x62 build/libverbs_vendor.a(vendor_open.o)
 .debug_line    0x000000000000013f       0x62 build/libverbs_vendor.a(vendor_name.o)
 .debug_line    0x00000000000001a1       0x82 build/libcollective_b.a(collective_b.o)

.debug_frame
 *(.debug_frame)

.debug_str      0x0000000000000000      0x164
 *(.debug_str)
 .debug_str     0x0000000000000000      0x164 build/app.o
                                        0x128 (size before relaxing)
 .debug_str     0x0000000000000164      0x141 build/libcollective_a.a(collective_a.o)
 .debug_str     0x0000000000000164       0xdc build/libverbs_vendor.a(vendor_open.o)
 .debug_str     0x0000000000000164       0xd5 build/libverbs_vendor.a(vendor_name.o)
 .debug_str     0x0000000000000164      0x141 build/libcollective_b.a(collective_b.o)

.debug_loc
 *(.debug_loc)

.debug_macinfo
 *(.debug_macinfo)

.debug_weaknames
 *(.debug_weaknames)

.debug_funcnames
 *(.debug_funcnames)

.debug_typenames
 *(.debug_typenames)

.debug_varnames
 *(.debug_varnames)

.debug_pubtypes
 *(.debug_pubtypes)

.debug_ranges
 *(.debug_ranges)

.debug_addr
 *(.debug_addr)

.debug_line_str
                0x0000000000000000       0x86
 *(.debug_line_str)
 .debug_line_str
                0x0000000000000000       0x86 build/app.o
                                         0x24 (size before relaxing)
 .debug_line_str
                0x0000000000000086       0x5c build/libcollective_a.a(collective_a.o)
 .debug_line_str
                0x0000000000000086       0x4e build/libverbs_vendor.a(vendor_open.o)
 .debug_line_str
                0x0000000000000086       0x4e build/libverbs_vendor.a(vendor_name.o)
 .debug_line_str
                0x0000000000000086       0x5c build/libcollective_b.a(collective_b.o)

.debug_loclists
 *(.debug_loclists)

.debug_macro
 *(.debug_macro)

.debug_names
 *(.debug_names)

.debug_rnglists
                0x0000000000000000       0x73
 *(.debug_rnglists)
 .debug_rnglists
                0x0000000000000000       0x17 build/app.o
 .debug_rnglists
                0x0000000000000017       0x17 build/libcollective_a.a(collective_a.o)
 .debug_rnglists
                0x000000000000002e       0x17 build/libverbs_vendor.a(vendor_open.o)
 .debug_rnglists
                0x0000000000000045       0x17 build/libverbs_vendor.a(vendor_name.o)
 .debug_rnglists
                0x000000000000005c       0x17 build/libcollective_b.a(collective_b.o)

.debug_str_offsets
 *(.debug_str_offsets)

.debug_sup
 *(.debug_sup)

.ARM.attributes
 *(.ARM.attributes)
 *(.gnu.attributes)

.note.gnu.arm.ident
 *(.note.gnu.arm.ident)

/DISCARD/
 *(.note.GNU-stack)
 *(.gnu_debuglink)
 *(.gnu.lto_*)
OUTPUT(build/app_collision elf64-littleaarch64)
LOAD linker stubs

Cross Reference Table

Symbol                                            File
GLIBC_2.17                                        /lib/aarch64-linux-gnu/libc.so.6
                                                  /lib/ld-linux-aarch64.so.1
GLIBC_2.18                                        /lib/aarch64-linux-gnu/libc.so.6
GLIBC_2.22                                        /lib/aarch64-linux-gnu/libc.so.6
GLIBC_2.23                                        /lib/aarch64-linux-gnu/libc.so.6
GLIBC_2.24                                        /lib/aarch64-linux-gnu/libc.so.6
GLIBC_2.25                                        /lib/aarch64-linux-gnu/libc.so.6
GLIBC_2.26                                        /lib/aarch64-linux-gnu/libc.so.6
GLIBC_2.27                                        /lib/aarch64-linux-gnu/libc.so.6
GLIBC_2.28                                        /lib/aarch64-linux-gnu/libc.so.6
GLIBC_2.29                                        /lib/aarch64-linux-gnu/libc.so.6
GLIBC_2.30                                        /lib/aarch64-linux-gnu/libc.so.6
GLIBC_2.31                                        /lib/aarch64-linux-gnu/libc.so.6
GLIBC_2.32                                        /lib/aarch64-linux-gnu/libc.so.6
GLIBC_2.33                                        /lib/aarch64-linux-gnu/libc.so.6
GLIBC_2.34                                        /lib/aarch64-linux-gnu/libc.so.6
                                                  /lib/ld-linux-aarch64.so.1
GLIBC_2.35                                        /lib/aarch64-linux-gnu/libc.so.6
                                                  /lib/ld-linux-aarch64.so.1
GLIBC_2.36                                        /lib/aarch64-linux-gnu/libc.so.6
GLIBC_2.38                                        /lib/aarch64-linux-gnu/libc.so.6
GLIBC_2.39                                        /lib/aarch64-linux-gnu/libc.so.6
GLIBC_ABI_DT_RELR                                 /lib/aarch64-linux-gnu/libc.so.6
GLIBC_PRIVATE                                     /lib/aarch64-linux-gnu/libc.so.6
                                                  /lib/ld-linux-aarch64.so.1
_DYNAMIC                                          /usr/lib/gcc/aarch64-linux-gnu/13/../../../aarch64-linux-gnu/Scrt1.o
_Exit                                             /lib/aarch64-linux-gnu/libc.so.6
_Exit@@GLIBC_2.17                                 /lib/aarch64-linux-gnu/libc.so.6
_Exit@GLIBC_2.17                                  /lib/aarch64-linux-gnu/libc.so.6
_GLOBAL_OFFSET_TABLE_                             /usr/lib/gcc/aarch64-linux-gnu/13/../../../aarch64-linux-gnu/Scrt1.o
_IO_flockfile                                     /lib/aarch64-linux-gnu/libc.so.6
_IO_flockfile@@GLIBC_2.17                         /lib/aarch64-linux-gnu/libc.so.6
_IO_flockfile@GLIBC_2.17                          /lib/aarch64-linux-gnu/libc.so.6
_IO_fprintf                                       /lib/aarch64-linux-gnu/libc.so.6
_IO_fprintf@@GLIBC_2.17                           /lib/aarch64-linux-gnu/libc.so.6
_IO_fprintf@GLIBC_2.17                            /lib/aarch64-linux-gnu/libc.so.6
_IO_ftrylockfile                                  /lib/aarch64-linux-gnu/libc.so.6
_IO_ftrylockfile@@GLIBC_2.17                      /lib/aarch64-linux-gnu/libc.so.6
_IO_ftrylockfile@GLIBC_2.17                       /lib/aarch64-linux-gnu/libc.so.6
_IO_funlockfile                                   /lib/aarch64-linux-gnu/libc.so.6
_IO_funlockfile@@GLIBC_2.17                       /lib/aarch64-linux-gnu/libc.so.6
_IO_funlockfile@GLIBC_2.17                        /lib/aarch64-linux-gnu/libc.so.6
_IO_stdin_used                                    /usr/lib/gcc/aarch64-linux-gnu/13/../../../aarch64-linux-gnu/Scrt1.o
_ITM_deregisterTMCloneTable                       /usr/lib/gcc/aarch64-linux-gnu/13/crtbeginS.o
_ITM_registerTMCloneTable                         /usr/lib/gcc/aarch64-linux-gnu/13/crtbeginS.o
__GNU_EH_FRAME_HDR                                build/app_collision
__TMC_END__                                       /usr/lib/gcc/aarch64-linux-gnu/13/crtendS.o
                                                  /usr/lib/gcc/aarch64-linux-gnu/13/crtbeginS.o
___brk_addr                                       /lib/aarch64-linux-gnu/libc.so.6
___brk_addr@@GLIBC_2.17                           /lib/aarch64-linux-gnu/libc.so.6
___brk_addr@GLIBC_2.17                            /lib/aarch64-linux-gnu/libc.so.6
__after_morecore_hook@GLIBC_2.17                  /lib/aarch64-linux-gnu/libc.so.6
__compat_bdflush                                  /lib/aarch64-linux-gnu/libc.so.6
__compat_create_module                            /lib/aarch64-linux-gnu/libc.so.6
__compat_get_kernel_syms                          /lib/aarch64-linux-gnu/libc.so.6
__compat_query_module                             /lib/aarch64-linux-gnu/libc.so.6
__compat_uselib                                   /lib/aarch64-linux-gnu/libc.so.6
__connect                                         /lib/aarch64-linux-gnu/libc.so.6
__connect@@GLIBC_2.17                             /lib/aarch64-linux-gnu/libc.so.6
__connect@GLIBC_2.17                              /lib/aarch64-linux-gnu/libc.so.6
__ctype_get_mb_cur_max                            /lib/aarch64-linux-gnu/libc.so.6
__ctype_get_mb_cur_max@@GLIBC_2.17                /lib/aarch64-linux-gnu/libc.so.6
__ctype_get_mb_cur_max@GLIBC_2.17                 /lib/aarch64-linux-gnu/libc.so.6
__data_start                                      /usr/lib/gcc/aarch64-linux-gnu/13/../../../aarch64-linux-gnu/Scrt1.o
__dso_handle                                      /usr/lib/gcc/aarch64-linux-gnu/13/crtbeginS.o
__fcntl                                           /lib/aarch64-linux-gnu/libc.so.6
__fcntl@@GLIBC_2.17                               /lib/aarch64-linux-gnu/libc.so.6
__fcntl@GLIBC_2.17                                /lib/aarch64-linux-gnu/libc.so.6
__free_hook@GLIBC_2.17                            /lib/aarch64-linux-gnu/libc.so.6
__gmon_start__                                    /usr/lib/gcc/aarch64-linux-gnu/13/../../../aarch64-linux-gnu/crti.o
__isascii_l                                       /lib/aarch64-linux-gnu/libc.so.6
__isascii_l@@GLIBC_2.17                           /lib/aarch64-linux-gnu/libc.so.6
__isascii_l@GLIBC_2.17                            /lib/aarch64-linux-gnu/libc.so.6
__isoc23_strtoimax                                /lib/aarch64-linux-gnu/libc.so.6
__isoc23_strtoimax@@GLIBC_2.38                    /lib/aarch64-linux-gnu/libc.so.6
__isoc23_strtoimax@GLIBC_2.38                     /lib/aarch64-linux-gnu/libc.so.6
__isoc23_strtoll                                  /lib/aarch64-linux-gnu/libc.so.6
__isoc23_strtoll@@GLIBC_2.38                      /lib/aarch64-linux-gnu/libc.so.6
__isoc23_strtoll@GLIBC_2.38                       /lib/aarch64-linux-gnu/libc.so.6
__isoc23_strtoll_l                                /lib/aarch64-linux-gnu/libc.so.6
__isoc23_strtoll_l@@GLIBC_2.38                    /lib/aarch64-linux-gnu/libc.so.6
__isoc23_strtoll_l@GLIBC_2.38                     /lib/aarch64-linux-gnu/libc.so.6
__isoc23_strtoull                                 /lib/aarch64-linux-gnu/libc.so.6
__isoc23_strtoull@@GLIBC_2.38                     /lib/aarch64-linux-gnu/libc.so.6
__isoc23_strtoull@GLIBC_2.38                      /lib/aarch64-linux-gnu/libc.so.6
__isoc23_strtoull_l                               /lib/aarch64-linux-gnu/libc.so.6
__isoc23_strtoull_l@@GLIBC_2.38                   /lib/aarch64-linux-gnu/libc.so.6
__isoc23_strtoull_l@GLIBC_2.38                    /lib/aarch64-linux-gnu/libc.so.6
__isoc23_strtoumax                                /lib/aarch64-linux-gnu/libc.so.6
__isoc23_strtoumax@@GLIBC_2.38                    /lib/aarch64-linux-gnu/libc.so.6
__isoc23_strtoumax@GLIBC_2.38                     /lib/aarch64-linux-gnu/libc.so.6
__isoc23_wcstoimax                                /lib/aarch64-linux-gnu/libc.so.6
__isoc23_wcstoimax@@GLIBC_2.38                    /lib/aarch64-linux-gnu/libc.so.6
__isoc23_wcstoimax@GLIBC_2.38                     /lib/aarch64-linux-gnu/libc.so.6
__isoc23_wcstoll                                  /lib/aarch64-linux-gnu/libc.so.6
__isoc23_wcstoll@@GLIBC_2.38                      /lib/aarch64-linux-gnu/libc.so.6
__isoc23_wcstoll@GLIBC_2.38                       /lib/aarch64-linux-gnu/libc.so.6
__isoc23_wcstoll_l                                /lib/aarch64-linux-gnu/libc.so.6
__isoc23_wcstoll_l@@GLIBC_2.38                    /lib/aarch64-linux-gnu/libc.so.6
__isoc23_wcstoll_l@GLIBC_2.38                     /lib/aarch64-linux-gnu/libc.so.6
__isoc23_wcstoull                                 /lib/aarch64-linux-gnu/libc.so.6
__isoc23_wcstoull@@GLIBC_2.38                     /lib/aarch64-linux-gnu/libc.so.6
__isoc23_wcstoull@GLIBC_2.38                      /lib/aarch64-linux-gnu/libc.so.6
__isoc23_wcstoull_l                               /lib/aarch64-linux-gnu/libc.so.6
__isoc23_wcstoull_l@@GLIBC_2.38                   /lib/aarch64-linux-gnu/libc.so.6
__isoc23_wcstoull_l@GLIBC_2.38                    /lib/aarch64-linux-gnu/libc.so.6
__isoc23_wcstoumax                                /lib/aarch64-linux-gnu/libc.so.6
__isoc23_wcstoumax@@GLIBC_2.38                    /lib/aarch64-linux-gnu/libc.so.6
__isoc23_wcstoumax@GLIBC_2.38                     /lib/aarch64-linux-gnu/libc.so.6
__libc_secure_getenv                              /lib/aarch64-linux-gnu/libc.so.6
__libc_secure_getenv@@GLIBC_PRIVATE               /lib/aarch64-linux-gnu/libc.so.6
__libc_secure_getenv@GLIBC_PRIVATE                /lib/aarch64-linux-gnu/libc.so.6
__malloc_hook@GLIBC_2.17                          /lib/aarch64-linux-gnu/libc.so.6
__memalign_hook@GLIBC_2.17                        /lib/aarch64-linux-gnu/libc.so.6
__open                                            /lib/aarch64-linux-gnu/libc.so.6
__open64                                          /lib/aarch64-linux-gnu/libc.so.6
__open64@@GLIBC_2.17                              /lib/aarch64-linux-gnu/libc.so.6
__open64@GLIBC_2.17                               /lib/aarch64-linux-gnu/libc.so.6
__open@@GLIBC_2.17                                /lib/aarch64-linux-gnu/libc.so.6
__open@GLIBC_2.17                                 /lib/aarch64-linux-gnu/libc.so.6
__pread64                                         /lib/aarch64-linux-gnu/libc.so.6
__pread64@@GLIBC_2.17                             /lib/aarch64-linux-gnu/libc.so.6
__pread64@GLIBC_2.17                              /lib/aarch64-linux-gnu/libc.so.6
__pwrite64                                        /lib/aarch64-linux-gnu/libc.so.6
__pwrite64@@GLIBC_2.17                            /lib/aarch64-linux-gnu/libc.so.6
__pwrite64@GLIBC_2.17                             /lib/aarch64-linux-gnu/libc.so.6
__realloc_hook@GLIBC_2.17                         /lib/aarch64-linux-gnu/libc.so.6
__recv                                            /lib/aarch64-linux-gnu/libc.so.6
__recv@@GLIBC_PRIVATE                             /lib/aarch64-linux-gnu/libc.so.6
__recv@GLIBC_PRIVATE                              /lib/aarch64-linux-gnu/libc.so.6
__statfs                                          /lib/aarch64-linux-gnu/libc.so.6
__statfs@@GLIBC_2.17                              /lib/aarch64-linux-gnu/libc.so.6
__statfs@GLIBC_2.17                               /lib/aarch64-linux-gnu/libc.so.6
__strtoll_l                                       /lib/aarch64-linux-gnu/libc.so.6
__strtoll_l@@GLIBC_2.17                           /lib/aarch64-linux-gnu/libc.so.6
__strtoll_l@GLIBC_2.17                            /lib/aarch64-linux-gnu/libc.so.6
__strtoull_l                                      /lib/aarch64-linux-gnu/libc.so.6
__strtoull_l@@GLIBC_2.17                          /lib/aarch64-linux-gnu/libc.so.6
__strtoull_l@GLIBC_2.17                           /lib/aarch64-linux-gnu/libc.so.6
__toascii_l                                       /lib/aarch64-linux-gnu/libc.so.6
__toascii_l@@GLIBC_2.17                           /lib/aarch64-linux-gnu/libc.so.6
__toascii_l@GLIBC_2.17                            /lib/aarch64-linux-gnu/libc.so.6
__vsnprintf                                       /lib/aarch64-linux-gnu/libc.so.6
__vsnprintf@@GLIBC_2.17                           /lib/aarch64-linux-gnu/libc.so.6
__vsnprintf@GLIBC_2.17                            /lib/aarch64-linux-gnu/libc.so.6
__vsscanf                                         /lib/aarch64-linux-gnu/libc.so.6
__vsscanf@@GLIBC_2.17                             /lib/aarch64-linux-gnu/libc.so.6
__vsscanf@GLIBC_2.17                              /lib/aarch64-linux-gnu/libc.so.6
__wcstoll_l                                       /lib/aarch64-linux-gnu/libc.so.6
__wcstoll_l@@GLIBC_2.17                           /lib/aarch64-linux-gnu/libc.so.6
__wcstoll_l@GLIBC_2.17                            /lib/aarch64-linux-gnu/libc.so.6
__wcstoull_l                                      /lib/aarch64-linux-gnu/libc.so.6
__wcstoull_l@@GLIBC_2.17                          /lib/aarch64-linux-gnu/libc.so.6
__wcstoull_l@GLIBC_2.17                           /lib/aarch64-linux-gnu/libc.so.6
__write                                           /lib/aarch64-linux-gnu/libc.so.6
__write@@GLIBC_2.17                               /lib/aarch64-linux-gnu/libc.so.6
__write@GLIBC_2.17                                /lib/aarch64-linux-gnu/libc.so.6
__xpg_sigpause                                    /lib/aarch64-linux-gnu/libc.so.6
__xpg_sigpause@@GLIBC_2.17                        /lib/aarch64-linux-gnu/libc.so.6
__xpg_sigpause@GLIBC_2.17                         /lib/aarch64-linux-gnu/libc.so.6
_environ                                          /lib/aarch64-linux-gnu/libc.so.6
_environ@@GLIBC_2.17                              /lib/aarch64-linux-gnu/libc.so.6
_environ@GLIBC_2.17                               /lib/aarch64-linux-gnu/libc.so.6
_fini                                             /usr/lib/gcc/aarch64-linux-gnu/13/../../../aarch64-linux-gnu/crti.o
_flushlbf                                         /lib/aarch64-linux-gnu/libc.so.6
_flushlbf@@GLIBC_2.17                             /lib/aarch64-linux-gnu/libc.so.6
_flushlbf@GLIBC_2.17                              /lib/aarch64-linux-gnu/libc.so.6
_init                                             /usr/lib/gcc/aarch64-linux-gnu/13/../../../aarch64-linux-gnu/crti.o
_longjmp                                          /lib/aarch64-linux-gnu/libc.so.6
_longjmp@@GLIBC_2.17                              /lib/aarch64-linux-gnu/libc.so.6
_longjmp@GLIBC_2.17                               /lib/aarch64-linux-gnu/libc.so.6
_start                                            /usr/lib/gcc/aarch64-linux-gnu/13/../../../aarch64-linux-gnu/Scrt1.o
access                                            /lib/aarch64-linux-gnu/libc.so.6
access@@GLIBC_2.17                                /lib/aarch64-linux-gnu/libc.so.6
access@GLIBC_2.17                                 /lib/aarch64-linux-gnu/libc.so.6
addmntent                                         /lib/aarch64-linux-gnu/libc.so.6
addmntent@@GLIBC_2.17                             /lib/aarch64-linux-gnu/libc.so.6
addmntent@GLIBC_2.17                              /lib/aarch64-linux-gnu/libc.so.6
addseverity                                       /lib/aarch64-linux-gnu/libc.so.6
addseverity@@GLIBC_2.17                           /lib/aarch64-linux-gnu/libc.so.6
addseverity@GLIBC_2.17                            /lib/aarch64-linux-gnu/libc.so.6
adjtime                                           /lib/aarch64-linux-gnu/libc.so.6
adjtime@@GLIBC_2.17                               /lib/aarch64-linux-gnu/libc.so.6
adjtime@GLIBC_2.17                                /lib/aarch64-linux-gnu/libc.so.6
adjtimex                                          /lib/aarch64-linux-gnu/libc.so.6
adjtimex@@GLIBC_2.17                              /lib/aarch64-linux-gnu/libc.so.6
adjtimex@GLIBC_2.17                               /lib/aarch64-linux-gnu/libc.so.6
advance@GLIBC_2.17                                /lib/aarch64-linux-gnu/libc.so.6
aligned_alloc                                     /lib/aarch64-linux-gnu/libc.so.6
aligned_alloc@@GLIBC_2.17                         /lib/aarch64-linux-gnu/libc.so.6
aligned_alloc@GLIBC_2.17                          /lib/aarch64-linux-gnu/libc.so.6
alphasort                                         /lib/aarch64-linux-gnu/libc.so.6
alphasort64                                       /lib/aarch64-linux-gnu/libc.so.6
alphasort64@@GLIBC_2.17                           /lib/aarch64-linux-gnu/libc.so.6
alphasort64@GLIBC_2.17                            /lib/aarch64-linux-gnu/libc.so.6
alphasort@@GLIBC_2.17                             /lib/aarch64-linux-gnu/libc.so.6
alphasort@GLIBC_2.17                              /lib/aarch64-linux-gnu/libc.so.6
arc4random                                        /lib/aarch64-linux-gnu/libc.so.6
arc4random@@GLIBC_2.36                            /lib/aarch64-linux-gnu/libc.so.6
arc4random@GLIBC_2.36                             /lib/aarch64-linux-gnu/libc.so.6
arc4random_buf                                    /lib/aarch64-linux-gnu/libc.so.6
arc4random_buf@@GLIBC_2.36                        /lib/aarch64-linux-gnu/libc.so.6
arc4random_buf@GLIBC_2.36                         /lib/aarch64-linux-gnu/libc.so.6
arc4random_uniform                                /lib/aarch64-linux-gnu/libc.so.6
arc4random_uniform@@GLIBC_2.36                    /lib/aarch64-linux-gnu/libc.so.6
arc4random_uniform@GLIBC_2.36                     /lib/aarch64-linux-gnu/libc.so.6
argp_error                                        /lib/aarch64-linux-gnu/libc.so.6
argp_error@@GLIBC_2.17                            /lib/aarch64-linux-gnu/libc.so.6
argp_error@GLIBC_2.17                             /lib/aarch64-linux-gnu/libc.so.6
argp_failure                                      /lib/aarch64-linux-gnu/libc.so.6
argp_failure@@GLIBC_2.17                          /lib/aarch64-linux-gnu/libc.so.6
argp_failure@GLIBC_2.17                           /lib/aarch64-linux-gnu/libc.so.6
argp_help                                         /lib/aarch64-linux-gnu/libc.so.6
argp_help@@GLIBC_2.17                             /lib/aarch64-linux-gnu/libc.so.6
argp_help@GLIBC_2.17                              /lib/aarch64-linux-gnu/libc.so.6
argp_parse                                        /lib/aarch64-linux-gnu/libc.so.6
argp_parse@@GLIBC_2.17                            /lib/aarch64-linux-gnu/libc.so.6
argp_parse@GLIBC_2.17                             /lib/aarch64-linux-gnu/libc.so.6
argp_state_help                                   /lib/aarch64-linux-gnu/libc.so.6
argp_state_help@@GLIBC_2.17                       /lib/aarch64-linux-gnu/libc.so.6
argp_state_help@GLIBC_2.17                        /lib/aarch64-linux-gnu/libc.so.6
argp_usage                                        /lib/aarch64-linux-gnu/libc.so.6
argp_usage@@GLIBC_2.17                            /lib/aarch64-linux-gnu/libc.so.6
argp_usage@GLIBC_2.17                             /lib/aarch64-linux-gnu/libc.so.6
argz_add                                          /lib/aarch64-linux-gnu/libc.so.6
argz_add@@GLIBC_2.17                              /lib/aarch64-linux-gnu/libc.so.6
argz_add@GLIBC_2.17                               /lib/aarch64-linux-gnu/libc.so.6
argz_add_sep                                      /lib/aarch64-linux-gnu/libc.so.6
argz_add_sep@@GLIBC_2.17                          /lib/aarch64-linux-gnu/libc.so.6
argz_add_sep@GLIBC_2.17                           /lib/aarch64-linux-gnu/libc.so.6
argz_append                                       /lib/aarch64-linux-gnu/libc.so.6
argz_append@@GLIBC_2.17                           /lib/aarch64-linux-gnu/libc.so.6
argz_append@GLIBC_2.17                            /lib/aarch64-linux-gnu/libc.so.6
argz_count                                        /lib/aarch64-linux-gnu/libc.so.6
argz_count@@GLIBC_2.17                            /lib/aarch64-linux-gnu/libc.so.6
argz_count@GLIBC_2.17                             /lib/aarch64-linux-gnu/libc.so.6
argz_create                                       /lib/aarch64-linux-gnu/libc.so.6
argz_create@@GLIBC_2.17                           /lib/aarch64-linux-gnu/libc.so.6
argz_create@GLIBC_2.17                            /lib/aarch64-linux-gnu/libc.so.6
argz_create_sep                                   /lib/aarch64-linux-gnu/libc.so.6
argz_create_sep@@GLIBC_2.17                       /lib/aarch64-linux-gnu/libc.so.6
argz_create_sep@GLIBC_2.17                        /lib/aarch64-linux-gnu/libc.so.6
argz_extract                                      /lib/aarch64-linux-gnu/libc.so.6
argz_extract@@GLIBC_2.17                          /lib/aarch64-linux-gnu/libc.so.6
argz_extract@GLIBC_2.17                           /lib/aarch64-linux-gnu/libc.so.6
argz_insert                                       /lib/aarch64-linux-gnu/libc.so.6
argz_insert@@GLIBC_2.17                           /lib/aarch64-linux-gnu/libc.so.6
argz_insert@GLIBC_2.17                            /lib/aarch64-linux-gnu/libc.so.6
argz_next                                         /lib/aarch64-linux-gnu/libc.so.6
argz_next@@GLIBC_2.17                             /lib/aarch64-linux-gnu/libc.so.6
argz_next@GLIBC_2.17                              /lib/aarch64-linux-gnu/libc.so.6
argz_replace                                      /lib/aarch64-linux-gnu/libc.so.6
argz_replace@@GLIBC_2.17                          /lib/aarch64-linux-gnu/libc.so.6
argz_replace@GLIBC_2.17                           /lib/aarch64-linux-gnu/libc.so.6
argz_stringify                                    /lib/aarch64-linux-gnu/libc.so.6
argz_stringify@@GLIBC_2.17                        /lib/aarch64-linux-gnu/libc.so.6
argz_stringify@GLIBC_2.17                         /lib/aarch64-linux-gnu/libc.so.6
asctime_r                                         /lib/aarch64-linux-gnu/libc.so.6
asctime_r@@GLIBC_2.17                             /lib/aarch64-linux-gnu/libc.so.6
asctime_r@GLIBC_2.17                              /lib/aarch64-linux-gnu/libc.so.6
asprintf                                          /lib/aarch64-linux-gnu/libc.so.6
asprintf@@GLIBC_2.17                              /lib/aarch64-linux-gnu/libc.so.6
asprintf@GLIBC_2.17                               /lib/aarch64-linux-gnu/libc.so.6
backtrace                                         /lib/aarch64-linux-gnu/libc.so.6
backtrace@@GLIBC_2.17                             /lib/aarch64-linux-gnu/libc.so.6
backtrace@GLIBC_2.17                              /lib/aarch64-linux-gnu/libc.so.6
backtrace_symbols                                 /lib/aarch64-linux-gnu/libc.so.6
backtrace_symbols@@GLIBC_2.17                     /lib/aarch64-linux-gnu/libc.so.6
backtrace_symbols@GLIBC_2.17                      /lib/aarch64-linux-gnu/libc.so.6
backtrace_symbols_fd                              /lib/aarch64-linux-gnu/libc.so.6
backtrace_symbols_fd@@GLIBC_2.17                  /lib/aarch64-linux-gnu/libc.so.6
backtrace_symbols_fd@GLIBC_2.17                   /lib/aarch64-linux-gnu/libc.so.6
basename                                          /lib/aarch64-linux-gnu/libc.so.6
basename@@GLIBC_2.17                              /lib/aarch64-linux-gnu/libc.so.6
basename@GLIBC_2.17                               /lib/aarch64-linux-gnu/libc.so.6
bcmp                                              /lib/aarch64-linux-gnu/libc.so.6
bcmp@@GLIBC_2.17                                  /lib/aarch64-linux-gnu/libc.so.6
bcmp@GLIBC_2.17                                   /lib/aarch64-linux-gnu/libc.so.6
bind                                              /lib/aarch64-linux-gnu/libc.so.6
bind@@GLIBC_2.17                                  /lib/aarch64-linux-gnu/libc.so.6
bind@GLIBC_2.17                                   /lib/aarch64-linux-gnu/libc.so.6
bind_textdomain_codeset                           /lib/aarch64-linux-gnu/libc.so.6
bind_textdomain_codeset@@GLIBC_2.17               /lib/aarch64-linux-gnu/libc.so.6
bind_textdomain_codeset@GLIBC_2.17                /lib/aarch64-linux-gnu/libc.so.6
bindtextdomain                                    /lib/aarch64-linux-gnu/libc.so.6
bindtextdomain@@GLIBC_2.17                        /lib/aarch64-linux-gnu/libc.so.6
bindtextdomain@GLIBC_2.17                         /lib/aarch64-linux-gnu/libc.so.6
brk                                               /lib/aarch64-linux-gnu/libc.so.6
brk@@GLIBC_2.17                                   /lib/aarch64-linux-gnu/libc.so.6
brk@GLIBC_2.17                                    /lib/aarch64-linux-gnu/libc.so.6
bsd_signal                                        /lib/aarch64-linux-gnu/libc.so.6
bsd_signal@@GLIBC_2.17                            /lib/aarch64-linux-gnu/libc.so.6
bsd_signal@GLIBC_2.17                             /lib/aarch64-linux-gnu/libc.so.6
btowc                                             /lib/aarch64-linux-gnu/libc.so.6
btowc@@GLIBC_2.17                                 /lib/aarch64-linux-gnu/libc.so.6
btowc@GLIBC_2.17                                  /lib/aarch64-linux-gnu/libc.so.6
bzero                                             /lib/aarch64-linux-gnu/libc.so.6
bzero@@GLIBC_2.17                                 /lib/aarch64-linux-gnu/libc.so.6
bzero@GLIBC_2.17                                  /lib/aarch64-linux-gnu/libc.so.6
calloc                                            /lib/aarch64-linux-gnu/libc.so.6
calloc@@GLIBC_2.17                                /lib/aarch64-linux-gnu/libc.so.6
calloc@GLIBC_2.17                                 /lib/aarch64-linux-gnu/libc.so.6
canonicalize_file_name                            /lib/aarch64-linux-gnu/libc.so.6
canonicalize_file_name@@GLIBC_2.17                /lib/aarch64-linux-gnu/libc.so.6
canonicalize_file_name@GLIBC_2.17                 /lib/aarch64-linux-gnu/libc.so.6
chdir                                             /lib/aarch64-linux-gnu/libc.so.6
chdir@@GLIBC_2.17                                 /lib/aarch64-linux-gnu/libc.so.6
chdir@GLIBC_2.17                                  /lib/aarch64-linux-gnu/libc.so.6
chmod                                             /lib/aarch64-linux-gnu/libc.so.6
chmod@@GLIBC_2.17                                 /lib/aarch64-linux-gnu/libc.so.6
chmod@GLIBC_2.17                                  /lib/aarch64-linux-gnu/libc.so.6
chown                                             /lib/aarch64-linux-gnu/libc.so.6
chown@@GLIBC_2.17                                 /lib/aarch64-linux-gnu/libc.so.6
chown@GLIBC_2.17                                  /lib/aarch64-linux-gnu/libc.so.6
clearenv                                          /lib/aarch64-linux-gnu/libc.so.6
clearenv@@GLIBC_2.17                              /lib/aarch64-linux-gnu/libc.so.6
clearenv@GLIBC_2.17                               /lib/aarch64-linux-gnu/libc.so.6
clone                                             /lib/aarch64-linux-gnu/libc.so.6
clone@@GLIBC_2.17                                 /lib/aarch64-linux-gnu/libc.so.6
clone@GLIBC_2.17                                  /lib/aarch64-linux-gnu/libc.so.6
close                                             /lib/aarch64-linux-gnu/libc.so.6
close@@GLIBC_2.17                                 /lib/aarch64-linux-gnu/libc.so.6
close@GLIBC_2.17                                  /lib/aarch64-linux-gnu/libc.so.6
close_range                                       /lib/aarch64-linux-gnu/libc.so.6
close_range@@GLIBC_2.34                           /lib/aarch64-linux-gnu/libc.so.6
close_range@GLIBC_2.34                            /lib/aarch64-linux-gnu/libc.so.6
closedir                                          /lib/aarch64-linux-gnu/libc.so.6
closedir@@GLIBC_2.17                              /lib/aarch64-linux-gnu/libc.so.6
closedir@GLIBC_2.17                               /lib/aarch64-linux-gnu/libc.so.6
closefrom                                         /lib/aarch64-linux-gnu/libc.so.6
closefrom@@GLIBC_2.34                             /lib/aarch64-linux-gnu/libc.so.6
closefrom@GLIBC_2.34                              /lib/aarch64-linux-gnu/libc.so.6
collective_a_run                                  build/libcollective_a.a(collective_a.o)
                                                  build/app.o
collective_b_run                                  build/libcollective_b.a(collective_b.o)
                                                  build/app.o
connect                                           /lib/aarch64-linux-gnu/libc.so.6
connect@@GLIBC_2.17                               /lib/aarch64-linux-gnu/libc.so.6
connect@GLIBC_2.17                                /lib/aarch64-linux-gnu/libc.so.6
copysign                                          /lib/aarch64-linux-gnu/libc.so.6
copysign@@GLIBC_2.17                              /lib/aarch64-linux-gnu/libc.so.6
copysign@GLIBC_2.17                               /lib/aarch64-linux-gnu/libc.so.6
copysignf                                         /lib/aarch64-linux-gnu/libc.so.6
copysignf@@GLIBC_2.17                             /lib/aarch64-linux-gnu/libc.so.6
copysignf@GLIBC_2.17                              /lib/aarch64-linux-gnu/libc.so.6
copysignl                                         /lib/aarch64-linux-gnu/libc.so.6
copysignl@@GLIBC_2.17                             /lib/aarch64-linux-gnu/libc.so.6
copysignl@GLIBC_2.17                              /lib/aarch64-linux-gnu/libc.so.6
creat                                             /lib/aarch64-linux-gnu/libc.so.6
creat64                                           /lib/aarch64-linux-gnu/libc.so.6
creat64@@GLIBC_2.17                               /lib/aarch64-linux-gnu/libc.so.6
creat64@GLIBC_2.17                                /lib/aarch64-linux-gnu/libc.so.6
creat@@GLIBC_2.17                                 /lib/aarch64-linux-gnu/libc.so.6
creat@GLIBC_2.17                                  /lib/aarch64-linux-gnu/libc.so.6
data_start                                        /usr/lib/gcc/aarch64-linux-gnu/13/../../../aarch64-linux-gnu/Scrt1.o
daylight                                          /lib/aarch64-linux-gnu/libc.so.6
daylight@@GLIBC_2.17                              /lib/aarch64-linux-gnu/libc.so.6
daylight@GLIBC_2.17                               /lib/aarch64-linux-gnu/libc.so.6
dcgettext                                         /lib/aarch64-linux-gnu/libc.so.6
dcgettext@@GLIBC_2.17                             /lib/aarch64-linux-gnu/libc.so.6
dcgettext@GLIBC_2.17                              /lib/aarch64-linux-gnu/libc.so.6
dcngettext                                        /lib/aarch64-linux-gnu/libc.so.6
dcngettext@@GLIBC_2.17                            /lib/aarch64-linux-gnu/libc.so.6
dcngettext@GLIBC_2.17                             /lib/aarch64-linux-gnu/libc.so.6
dgettext                                          /lib/aarch64-linux-gnu/libc.so.6
dgettext@@GLIBC_2.17                              /lib/aarch64-linux-gnu/libc.so.6
dgettext@GLIBC_2.17                               /lib/aarch64-linux-gnu/libc.so.6
dl_iterate_phdr                                   /lib/aarch64-linux-gnu/libc.so.6
dl_iterate_phdr@@GLIBC_2.17                       /lib/aarch64-linux-gnu/libc.so.6
dl_iterate_phdr@GLIBC_2.17                        /lib/aarch64-linux-gnu/libc.so.6
dngettext                                         /lib/aarch64-linux-gnu/libc.so.6
dngettext@@GLIBC_2.17                             /lib/aarch64-linux-gnu/libc.so.6
dngettext@GLIBC_2.17                              /lib/aarch64-linux-gnu/libc.so.6
dup                                               /lib/aarch64-linux-gnu/libc.so.6
dup2                                              /lib/aarch64-linux-gnu/libc.so.6
dup2@@GLIBC_2.17                                  /lib/aarch64-linux-gnu/libc.so.6
dup2@GLIBC_2.17                                   /lib/aarch64-linux-gnu/libc.so.6
dup3                                              /lib/aarch64-linux-gnu/libc.so.6
dup3@@GLIBC_2.17                                  /lib/aarch64-linux-gnu/libc.so.6
dup3@GLIBC_2.17                                   /lib/aarch64-linux-gnu/libc.so.6
dup@@GLIBC_2.17                                   /lib/aarch64-linux-gnu/libc.so.6
dup@GLIBC_2.17                                    /lib/aarch64-linux-gnu/libc.so.6
duplocale                                         /lib/aarch64-linux-gnu/libc.so.6
duplocale@@GLIBC_2.17                             /lib/aarch64-linux-gnu/libc.so.6
duplocale@GLIBC_2.17                              /lib/aarch64-linux-gnu/libc.so.6
eaccess                                           /lib/aarch64-linux-gnu/libc.so.6
eaccess@@GLIBC_2.17                               /lib/aarch64-linux-gnu/libc.so.6
eaccess@GLIBC_2.17                                /lib/aarch64-linux-gnu/libc.so.6
ecvt_r                                            /lib/aarch64-linux-gnu/libc.so.6
ecvt_r@@GLIBC_2.17                                /lib/aarch64-linux-gnu/libc.so.6
ecvt_r@GLIBC_2.17                                 /lib/aarch64-linux-gnu/libc.so.6
endmntent                                         /lib/aarch64-linux-gnu/libc.so.6
endmntent@@GLIBC_2.17                             /lib/aarch64-linux-gnu/libc.so.6
endmntent@GLIBC_2.17                              /lib/aarch64-linux-gnu/libc.so.6
endttyent                                         /lib/aarch64-linux-gnu/libc.so.6
endttyent@@GLIBC_2.17                             /lib/aarch64-linux-gnu/libc.so.6
endttyent@GLIBC_2.17                              /lib/aarch64-linux-gnu/libc.so.6
endutent                                          /lib/aarch64-linux-gnu/libc.so.6
endutent@@GLIBC_2.17                              /lib/aarch64-linux-gnu/libc.so.6
endutent@GLIBC_2.17                               /lib/aarch64-linux-gnu/libc.so.6
environ                                           /lib/aarch64-linux-gnu/libc.so.6
environ@@GLIBC_2.17                               /lib/aarch64-linux-gnu/libc.so.6
environ@GLIBC_2.17                                /lib/aarch64-linux-gnu/libc.so.6
erand48_r                                         /lib/aarch64-linux-gnu/libc.so.6
erand48_r@@GLIBC_2.17                             /lib/aarch64-linux-gnu/libc.so.6
erand48_r@GLIBC_2.17                              /lib/aarch64-linux-gnu/libc.so.6
error                                             /lib/aarch64-linux-gnu/libc.so.6
error@@GLIBC_2.17                                 /lib/aarch64-linux-gnu/libc.so.6
error@GLIBC_2.17                                  /lib/aarch64-linux-gnu/libc.so.6
error_at_line                                     /lib/aarch64-linux-gnu/libc.so.6
error_at_line@@GLIBC_2.17                         /lib/aarch64-linux-gnu/libc.so.6
error_at_line@GLIBC_2.17                          /lib/aarch64-linux-gnu/libc.so.6
euidaccess                                        /lib/aarch64-linux-gnu/libc.so.6
euidaccess@@GLIBC_2.17                            /lib/aarch64-linux-gnu/libc.so.6
euidaccess@GLIBC_2.17                             /lib/aarch64-linux-gnu/libc.so.6
execve                                            /lib/aarch64-linux-gnu/libc.so.6
execve@@GLIBC_2.17                                /lib/aarch64-linux-gnu/libc.so.6
execve@GLIBC_2.17                                 /lib/aarch64-linux-gnu/libc.so.6
execvpe                                           /lib/aarch64-linux-gnu/libc.so.6
execvpe@@GLIBC_2.17                               /lib/aarch64-linux-gnu/libc.so.6
execvpe@GLIBC_2.17                                /lib/aarch64-linux-gnu/libc.so.6
faccessat                                         /lib/aarch64-linux-gnu/libc.so.6
faccessat@@GLIBC_2.17                             /lib/aarch64-linux-gnu/libc.so.6
faccessat@GLIBC_2.17                              /lib/aarch64-linux-gnu/libc.so.6
fallocate                                         /lib/aarch64-linux-gnu/libc.so.6
fallocate@@GLIBC_2.17                             /lib/aarch64-linux-gnu/libc.so.6
fallocate@GLIBC_2.17                              /lib/aarch64-linux-gnu/libc.so.6
fanotify_mark                                     /lib/aarch64-linux-gnu/libc.so.6
fanotify_mark@@GLIBC_2.17                         /lib/aarch64-linux-gnu/libc.so.6
fanotify_mark@GLIBC_2.17                          /lib/aarch64-linux-gnu/libc.so.6
fchdir                                            /lib/aarch64-linux-gnu/libc.so.6
fchdir@@GLIBC_2.17                                /lib/aarch64-linux-gnu/libc.so.6
fchdir@GLIBC_2.17                                 /lib/aarch64-linux-gnu/libc.so.6
fchmod                                            /lib/aarch64-linux-gnu/libc.so.6
fchmod@@GLIBC_2.17                                /lib/aarch64-linux-gnu/libc.so.6
fchmod@GLIBC_2.17                                 /lib/aarch64-linux-gnu/libc.so.6
fchown                                            /lib/aarch64-linux-gnu/libc.so.6
fchown@@GLIBC_2.17                                /lib/aarch64-linux-gnu/libc.so.6
fchown@GLIBC_2.17                                 /lib/aarch64-linux-gnu/libc.so.6
fcloseall                                         /lib/aarch64-linux-gnu/libc.so.6
fcloseall@@GLIBC_2.17                             /lib/aarch64-linux-gnu/libc.so.6
fcloseall@GLIBC_2.17                              /lib/aarch64-linux-gnu/libc.so.6
fcntl                                             /lib/aarch64-linux-gnu/libc.so.6
fcntl64                                           /lib/aarch64-linux-gnu/libc.so.6
fcntl64@@GLIBC_2.28                               /lib/aarch64-linux-gnu/libc.so.6
fcntl64@GLIBC_2.28                                /lib/aarch64-linux-gnu/libc.so.6
fcntl@@GLIBC_2.17                                 /lib/aarch64-linux-gnu/libc.so.6
fcntl@GLIBC_2.17                                  /lib/aarch64-linux-gnu/libc.so.6
fcvt_r                                            /lib/aarch64-linux-gnu/libc.so.6
fcvt_r@@GLIBC_2.17                                /lib/aarch64-linux-gnu/libc.so.6
fcvt_r@GLIBC_2.17                                 /lib/aarch64-linux-gnu/libc.so.6
fdopendir                                         /lib/aarch64-linux-gnu/libc.so.6
fdopendir@@GLIBC_2.17                             /lib/aarch64-linux-gnu/libc.so.6
fdopendir@GLIBC_2.17                              /lib/aarch64-linux-gnu/libc.so.6
feof                                              /lib/aarch64-linux-gnu/libc.so.6
feof@@GLIBC_2.17                                  /lib/aarch64-linux-gnu/libc.so.6
feof@GLIBC_2.17                                   /lib/aarch64-linux-gnu/libc.so.6
feof_unlocked                                     /lib/aarch64-linux-gnu/libc.so.6
feof_unlocked@@GLIBC_2.17                         /lib/aarch64-linux-gnu/libc.so.6
feof_unlocked@GLIBC_2.17                          /lib/aarch64-linux-gnu/libc.so.6
ferror                                            /lib/aarch64-linux-gnu/libc.so.6
ferror@@GLIBC_2.17                                /lib/aarch64-linux-gnu/libc.so.6
ferror@GLIBC_2.17                                 /lib/aarch64-linux-gnu/libc.so.6
ferror_unlocked                                   /lib/aarch64-linux-gnu/libc.so.6
ferror_unlocked@@GLIBC_2.17                       /lib/aarch64-linux-gnu/libc.so.6
ferror_unlocked@GLIBC_2.17                        /lib/aarch64-linux-gnu/libc.so.6
fflush                                            /lib/aarch64-linux-gnu/libc.so.6
fflush@@GLIBC_2.17                                /lib/aarch64-linux-gnu/libc.so.6
fflush@GLIBC_2.17                                 /lib/aarch64-linux-gnu/libc.so.6
fflush_unlocked                                   /lib/aarch64-linux-gnu/libc.so.6
fflush_unlocked@@GLIBC_2.17                       /lib/aarch64-linux-gnu/libc.so.6
fflush_unlocked@GLIBC_2.17                        /lib/aarch64-linux-gnu/libc.so.6
ffsl                                              /lib/aarch64-linux-gnu/libc.so.6
ffsl@@GLIBC_2.17                                  /lib/aarch64-linux-gnu/libc.so.6
ffsl@GLIBC_2.17                                   /lib/aarch64-linux-gnu/libc.so.6
fgetc                                             /lib/aarch64-linux-gnu/libc.so.6
fgetc@@GLIBC_2.17                                 /lib/aarch64-linux-gnu/libc.so.6
fgetc@GLIBC_2.17                                  /lib/aarch64-linux-gnu/libc.so.6
fgetc_unlocked                                    /lib/aarch64-linux-gnu/libc.so.6
fgetc_unlocked@@GLIBC_2.17                        /lib/aarch64-linux-gnu/libc.so.6
fgetc_unlocked@GLIBC_2.17                         /lib/aarch64-linux-gnu/libc.so.6
fgetgrent_r                                       /lib/aarch64-linux-gnu/libc.so.6
fgetgrent_r@@GLIBC_2.17                           /lib/aarch64-linux-gnu/libc.so.6
fgetgrent_r@GLIBC_2.17                            /lib/aarch64-linux-gnu/libc.so.6
fgetpwent_r                                       /lib/aarch64-linux-gnu/libc.so.6
fgetpwent_r@@GLIBC_2.17                           /lib/aarch64-linux-gnu/libc.so.6
fgetpwent_r@GLIBC_2.17                            /lib/aarch64-linux-gnu/libc.so.6
fgets                                             /lib/aarch64-linux-gnu/libc.so.6
fgets@@GLIBC_2.17                                 /lib/aarch64-linux-gnu/libc.so.6
fgets@GLIBC_2.17                                  /lib/aarch64-linux-gnu/libc.so.6
fgets_unlocked                                    /lib/aarch64-linux-gnu/libc.so.6
fgets_unlocked@@GLIBC_2.17                        /lib/aarch64-linux-gnu/libc.so.6
fgets_unlocked@GLIBC_2.17                         /lib/aarch64-linux-gnu/libc.so.6
fgetsgent_r                                       /lib/aarch64-linux-gnu/libc.so.6
fgetsgent_r@@GLIBC_2.17                           /lib/aarch64-linux-gnu/libc.so.6
fgetsgent_r@GLIBC_2.17                            /lib/aarch64-linux-gnu/libc.so.6
fgetspent_r                                       /lib/aarch64-linux-gnu/libc.so.6
fgetspent_r@@GLIBC_2.17                           /lib/aarch64-linux-gnu/libc.so.6
fgetspent_r@GLIBC_2.17                            /lib/aarch64-linux-gnu/libc.so.6
fgetwc                                            /lib/aarch64-linux-gnu/libc.so.6
fgetwc@@GLIBC_2.17                                /lib/aarch64-linux-gnu/libc.so.6
fgetwc@GLIBC_2.17                                 /lib/aarch64-linux-gnu/libc.so.6
fgetwc_unlocked                                   /lib/aarch64-linux-gnu/libc.so.6
fgetwc_unlocked@@GLIBC_2.17                       /lib/aarch64-linux-gnu/libc.so.6
fgetwc_unlocked@GLIBC_2.17                        /lib/aarch64-linux-gnu/libc.so.6
fileno                                            /lib/aarch64-linux-gnu/libc.so.6
fileno@@GLIBC_2.17                                /lib/aarch64-linux-gnu/libc.so.6
fileno@GLIBC_2.17                                 /lib/aarch64-linux-gnu/libc.so.6
fileno_unlocked                                   /lib/aarch64-linux-gnu/libc.so.6
fileno_unlocked@@GLIBC_2.17                       /lib/aarch64-linux-gnu/libc.so.6
fileno_unlocked@GLIBC_2.17                        /lib/aarch64-linux-gnu/libc.so.6
finite                                            /lib/aarch64-linux-gnu/libc.so.6
finite@@GLIBC_2.17                                /lib/aarch64-linux-gnu/libc.so.6
finite@GLIBC_2.17                                 /lib/aarch64-linux-gnu/libc.so.6
finitef                                           /lib/aarch64-linux-gnu/libc.so.6
finitef@@GLIBC_2.17                               /lib/aarch64-linux-gnu/libc.so.6
finitef@GLIBC_2.17                                /lib/aarch64-linux-gnu/libc.so.6
finitel                                           /lib/aarch64-linux-gnu/libc.so.6
finitel@@GLIBC_2.17                               /lib/aarch64-linux-gnu/libc.so.6
finitel@GLIBC_2.17                                /lib/aarch64-linux-gnu/libc.so.6
flock                                             /lib/aarch64-linux-gnu/libc.so.6
flock@@GLIBC_2.17                                 /lib/aarch64-linux-gnu/libc.so.6
flock@GLIBC_2.17                                  /lib/aarch64-linux-gnu/libc.so.6
flockfile                                         /lib/aarch64-linux-gnu/libc.so.6
flockfile@@GLIBC_2.17                             /lib/aarch64-linux-gnu/libc.so.6
flockfile@GLIBC_2.17                              /lib/aarch64-linux-gnu/libc.so.6
fopen64                                           /lib/aarch64-linux-gnu/libc.so.6
fopen64@@GLIBC_2.17                               /lib/aarch64-linux-gnu/libc.so.6
fopen64@GLIBC_2.17                                /lib/aarch64-linux-gnu/libc.so.6
fork                                              /lib/aarch64-linux-gnu/libc.so.6
fork@@GLIBC_2.17                                  /lib/aarch64-linux-gnu/libc.so.6
fork@GLIBC_2.17                                   /lib/aarch64-linux-gnu/libc.so.6
fpathconf                                         /lib/aarch64-linux-gnu/libc.so.6
fpathconf@@GLIBC_2.17                             /lib/aarch64-linux-gnu/libc.so.6
fpathconf@GLIBC_2.17                              /lib/aarch64-linux-gnu/libc.so.6
fputs                                             /lib/aarch64-linux-gnu/libc.so.6
fputs@@GLIBC_2.17                                 /lib/aarch64-linux-gnu/libc.so.6
fputs@GLIBC_2.17                                  /lib/aarch64-linux-gnu/libc.so.6
fputs_unlocked                                    /lib/aarch64-linux-gnu/libc.so.6
fputs_unlocked@@GLIBC_2.17                        /lib/aarch64-linux-gnu/libc.so.6
fputs_unlocked@GLIBC_2.17                         /lib/aarch64-linux-gnu/libc.so.6
fread                                             /lib/aarch64-linux-gnu/libc.so.6
fread@@GLIBC_2.17                                 /lib/aarch64-linux-gnu/libc.so.6
fread@GLIBC_2.17                                  /lib/aarch64-linux-gnu/libc.so.6
fread_unlocked                                    /lib/aarch64-linux-gnu/libc.so.6
fread_unlocked@@GLIBC_2.17                        /lib/aarch64-linux-gnu/libc.so.6
fread_unlocked@GLIBC_2.17                         /lib/aarch64-linux-gnu/libc.so.6
freeifaddrs                                       /lib/aarch64-linux-gnu/libc.so.6
freeifaddrs@@GLIBC_2.17                           /lib/aarch64-linux-gnu/libc.so.6
freeifaddrs@GLIBC_2.17                            /lib/aarch64-linux-gnu/libc.so.6
freelocale                                        /lib/aarch64-linux-gnu/libc.so.6
freelocale@@GLIBC_2.17                            /lib/aarch64-linux-gnu/libc.so.6
freelocale@GLIBC_2.17                             /lib/aarch64-linux-gnu/libc.so.6
frexp                                             /lib/aarch64-linux-gnu/libc.so.6
frexp@@GLIBC_2.17                                 /lib/aarch64-linux-gnu/libc.so.6
frexp@GLIBC_2.17                                  /lib/aarch64-linux-gnu/libc.so.6
frexpf                                            /lib/aarch64-linux-gnu/libc.so.6
frexpf@@GLIBC_2.17                                /lib/aarch64-linux-gnu/libc.so.6
frexpf@GLIBC_2.17                                 /lib/aarch64-linux-gnu/libc.so.6
frexpl                                            /lib/aarch64-linux-gnu/libc.so.6
frexpl@@GLIBC_2.17                                /lib/aarch64-linux-gnu/libc.so.6
frexpl@GLIBC_2.17                                 /lib/aarch64-linux-gnu/libc.so.6
fseeko                                            /lib/aarch64-linux-gnu/libc.so.6
fseeko64                                          /lib/aarch64-linux-gnu/libc.so.6
fseeko64@@GLIBC_2.17                              /lib/aarch64-linux-gnu/libc.so.6
fseeko64@GLIBC_2.17                               /lib/aarch64-linux-gnu/libc.so.6
fseeko@@GLIBC_2.17                                /lib/aarch64-linux-gnu/libc.so.6
fseeko@GLIBC_2.17                                 /lib/aarch64-linux-gnu/libc.so.6
fstat                                             /lib/aarch64-linux-gnu/libc.so.6
fstat64                                           /lib/aarch64-linux-gnu/libc.so.6
fstat64@@GLIBC_2.33                               /lib/aarch64-linux-gnu/libc.so.6
fstat64@GLIBC_2.33                                /lib/aarch64-linux-gnu/libc.so.6
fstat@@GLIBC_2.33                                 /lib/aarch64-linux-gnu/libc.so.6
fstat@GLIBC_2.33                                  /lib/aarch64-linux-gnu/libc.so.6
fstatat                                           /lib/aarch64-linux-gnu/libc.so.6
fstatat64                                         /lib/aarch64-linux-gnu/libc.so.6
fstatat64@@GLIBC_2.33                             /lib/aarch64-linux-gnu/libc.so.6
fstatat64@GLIBC_2.33                              /lib/aarch64-linux-gnu/libc.so.6
fstatat@@GLIBC_2.33                               /lib/aarch64-linux-gnu/libc.so.6
fstatat@GLIBC_2.33                                /lib/aarch64-linux-gnu/libc.so.6
fstatfs                                           /lib/aarch64-linux-gnu/libc.so.6
fstatfs64                                         /lib/aarch64-linux-gnu/libc.so.6
fstatfs64@@GLIBC_2.17                             /lib/aarch64-linux-gnu/libc.so.6
fstatfs64@GLIBC_2.17                              /lib/aarch64-linux-gnu/libc.so.6
fstatfs@@GLIBC_2.17                               /lib/aarch64-linux-gnu/libc.so.6
fstatfs@GLIBC_2.17                                /lib/aarch64-linux-gnu/libc.so.6
fstatvfs                                          /lib/aarch64-linux-gnu/libc.so.6
fstatvfs64                                        /lib/aarch64-linux-gnu/libc.so.6
fstatvfs64@@GLIBC_2.17                            /lib/aarch64-linux-gnu/libc.so.6
fstatvfs64@GLIBC_2.17                             /lib/aarch64-linux-gnu/libc.so.6
fstatvfs@@GLIBC_2.17                              /lib/aarch64-linux-gnu/libc.so.6
fstatvfs@GLIBC_2.17                               /lib/aarch64-linux-gnu/libc.so.6
ftell                                             /lib/aarch64-linux-gnu/libc.so.6
ftell@@GLIBC_2.17                                 /lib/aarch64-linux-gnu/libc.so.6
ftell@GLIBC_2.17                                  /lib/aarch64-linux-gnu/libc.so.6
ftello                                            /lib/aarch64-linux-gnu/libc.so.6
ftello64                                          /lib/aarch64-linux-gnu/libc.so.6
ftello64@@GLIBC_2.17                              /lib/aarch64-linux-gnu/libc.so.6
ftello64@GLIBC_2.17                               /lib/aarch64-linux-gnu/libc.so.6
ftello@@GLIBC_2.17                                /lib/aarch64-linux-gnu/libc.so.6
ftello@GLIBC_2.17                                 /lib/aarch64-linux-gnu/libc.so.6
ftruncate                                         /lib/aarch64-linux-gnu/libc.so.6
ftruncate64                                       /lib/aarch64-linux-gnu/libc.so.6
ftruncate64@@GLIBC_2.17                           /lib/aarch64-linux-gnu/libc.so.6
ftruncate64@GLIBC_2.17                            /lib/aarch64-linux-gnu/libc.so.6
ftruncate@@GLIBC_2.17                             /lib/aarch64-linux-gnu/libc.so.6
ftruncate@GLIBC_2.17                              /lib/aarch64-linux-gnu/libc.so.6
ftrylockfile                                      /lib/aarch64-linux-gnu/libc.so.6
ftrylockfile@@GLIBC_2.17                          /lib/aarch64-linux-gnu/libc.so.6
ftrylockfile@GLIBC_2.17                           /lib/aarch64-linux-gnu/libc.so.6
fts64_children                                    /lib/aarch64-linux-gnu/libc.so.6
fts64_children@@GLIBC_2.23                        /lib/aarch64-linux-gnu/libc.so.6
fts64_children@GLIBC_2.23                         /lib/aarch64-linux-gnu/libc.so.6
fts64_close                                       /lib/aarch64-linux-gnu/libc.so.6
fts64_close@@GLIBC_2.23                           /lib/aarch64-linux-gnu/libc.so.6
fts64_close@GLIBC_2.23                            /lib/aarch64-linux-gnu/libc.so.6
fts64_open                                        /lib/aarch64-linux-gnu/libc.so.6
fts64_open@@GLIBC_2.23                            /lib/aarch64-linux-gnu/libc.so.6
fts64_open@GLIBC_2.23                             /lib/aarch64-linux-gnu/libc.so.6
fts64_read                                        /lib/aarch64-linux-gnu/libc.so.6
fts64_read@@GLIBC_2.23                            /lib/aarch64-linux-gnu/libc.so.6
fts64_read@GLIBC_2.23                             /lib/aarch64-linux-gnu/libc.so.6
fts64_set                                         /lib/aarch64-linux-gnu/libc.so.6
fts64_set@@GLIBC_2.23                             /lib/aarch64-linux-gnu/libc.so.6
fts64_set@GLIBC_2.23                              /lib/aarch64-linux-gnu/libc.so.6
ftw64                                             /lib/aarch64-linux-gnu/libc.so.6
ftw64@@GLIBC_2.17                                 /lib/aarch64-linux-gnu/libc.so.6
ftw64@GLIBC_2.17                                  /lib/aarch64-linux-gnu/libc.so.6
funlockfile                                       /lib/aarch64-linux-gnu/libc.so.6
funlockfile@@GLIBC_2.17                           /lib/aarch64-linux-gnu/libc.so.6
funlockfile@GLIBC_2.17                            /lib/aarch64-linux-gnu/libc.so.6
futimens                                          /lib/aarch64-linux-gnu/libc.so.6
futimens@@GLIBC_2.17                              /lib/aarch64-linux-gnu/libc.so.6
futimens@GLIBC_2.17                               /lib/aarch64-linux-gnu/libc.so.6
futimes                                           /lib/aarch64-linux-gnu/libc.so.6
futimes@@GLIBC_2.17                               /lib/aarch64-linux-gnu/libc.so.6
futimes@GLIBC_2.17                                /lib/aarch64-linux-gnu/libc.so.6
futimesat                                         /lib/aarch64-linux-gnu/libc.so.6
futimesat@@GLIBC_2.17                             /lib/aarch64-linux-gnu/libc.so.6
futimesat@GLIBC_2.17                              /lib/aarch64-linux-gnu/libc.so.6
fwprintf                                          /lib/aarch64-linux-gnu/libc.so.6
fwprintf@@GLIBC_2.17                              /lib/aarch64-linux-gnu/libc.so.6
fwprintf@GLIBC_2.17                               /lib/aarch64-linux-gnu/libc.so.6
fwrite                                            /lib/aarch64-linux-gnu/libc.so.6
fwrite@@GLIBC_2.17                                /lib/aarch64-linux-gnu/libc.so.6
fwrite@GLIBC_2.17                                 /lib/aarch64-linux-gnu/libc.so.6
get_avphys_pages                                  /lib/aarch64-linux-gnu/libc.so.6
get_avphys_pages@@GLIBC_2.17                      /lib/aarch64-linux-gnu/libc.so.6
get_avphys_pages@GLIBC_2.17                       /lib/aarch64-linux-gnu/libc.so.6
get_nprocs                                        /lib/aarch64-linux-gnu/libc.so.6
[...]
versionsort64@GLIBC_2.17                          /lib/aarch64-linux-gnu/libc.so.6
versionsort@@GLIBC_2.17                           /lib/aarch64-linux-gnu/libc.so.6
versionsort@GLIBC_2.17                            /lib/aarch64-linux-gnu/libc.so.6
vfork                                             /lib/aarch64-linux-gnu/libc.so.6
vfork@@GLIBC_2.17                                 /lib/aarch64-linux-gnu/libc.so.6
vfork@GLIBC_2.17                                  /lib/aarch64-linux-gnu/libc.so.6
vfscanf                                           /lib/aarch64-linux-gnu/libc.so.6
vfscanf@@GLIBC_2.17                               /lib/aarch64-linux-gnu/libc.so.6
vfscanf@GLIBC_2.17                                /lib/aarch64-linux-gnu/libc.so.6
vfwprintf                                         /lib/aarch64-linux-gnu/libc.so.6
vfwprintf@@GLIBC_2.17                             /lib/aarch64-linux-gnu/libc.so.6
vfwprintf@GLIBC_2.17                              /lib/aarch64-linux-gnu/libc.so.6
vfwscanf                                          /lib/aarch64-linux-gnu/libc.so.6
vfwscanf@@GLIBC_2.17                              /lib/aarch64-linux-gnu/libc.so.6
vfwscanf@GLIBC_2.17                               /lib/aarch64-linux-gnu/libc.so.6
vscanf                                            /lib/aarch64-linux-gnu/libc.so.6
vscanf@@GLIBC_2.17                                /lib/aarch64-linux-gnu/libc.so.6
vscanf@GLIBC_2.17                                 /lib/aarch64-linux-gnu/libc.so.6
vsnprintf                                         /lib/aarch64-linux-gnu/libc.so.6
vsnprintf@@GLIBC_2.17                             /lib/aarch64-linux-gnu/libc.so.6
vsnprintf@GLIBC_2.17                              /lib/aarch64-linux-gnu/libc.so.6
vsprintf                                          /lib/aarch64-linux-gnu/libc.so.6
vsprintf@@GLIBC_2.17                              /lib/aarch64-linux-gnu/libc.so.6
vsprintf@GLIBC_2.17                               /lib/aarch64-linux-gnu/libc.so.6
vsscanf                                           /lib/aarch64-linux-gnu/libc.so.6
vsscanf@@GLIBC_2.17                               /lib/aarch64-linux-gnu/libc.so.6
vsscanf@GLIBC_2.17                                /lib/aarch64-linux-gnu/libc.so.6
vswprintf                                         /lib/aarch64-linux-gnu/libc.so.6
vswprintf@@GLIBC_2.17                             /lib/aarch64-linux-gnu/libc.so.6
vswprintf@GLIBC_2.17                              /lib/aarch64-linux-gnu/libc.so.6
vswscanf                                          /lib/aarch64-linux-gnu/libc.so.6
vswscanf@@GLIBC_2.17                              /lib/aarch64-linux-gnu/libc.so.6
vswscanf@GLIBC_2.17                               /lib/aarch64-linux-gnu/libc.so.6
vsyslog                                           /lib/aarch64-linux-gnu/libc.so.6
vsyslog@@GLIBC_2.17                               /lib/aarch64-linux-gnu/libc.so.6
vsyslog@GLIBC_2.17                                /lib/aarch64-linux-gnu/libc.so.6
vx_device_name                                    build/libverbs_vendor.a(vendor_name.o)
                                                  build/libcollective_b.a(collective_b.o)
                                                  build/libcollective_a.a(collective_a.o)
vx_open_device                                    build/libverbs_vendor.a(vendor_open.o)
                                                  build/libcollective_b.a(collective_b.o)
                                                  build/libcollective_a.a(collective_a.o)
wait                                              /lib/aarch64-linux-gnu/libc.so.6
wait3                                             /lib/aarch64-linux-gnu/libc.so.6
wait3@@GLIBC_2.17                                 /lib/aarch64-linux-gnu/libc.so.6
wait3@GLIBC_2.17                                  /lib/aarch64-linux-gnu/libc.so.6
wait4                                             /lib/aarch64-linux-gnu/libc.so.6
wait4@@GLIBC_2.17                                 /lib/aarch64-linux-gnu/libc.so.6
wait4@GLIBC_2.17                                  /lib/aarch64-linux-gnu/libc.so.6
wait@@GLIBC_2.17                                  /lib/aarch64-linux-gnu/libc.so.6
wait@GLIBC_2.17                                   /lib/aarch64-linux-gnu/libc.so.6
waitid                                            /lib/aarch64-linux-gnu/libc.so.6
waitid@@GLIBC_2.17                                /lib/aarch64-linux-gnu/libc.so.6
waitid@GLIBC_2.17                                 /lib/aarch64-linux-gnu/libc.so.6
waitpid                                           /lib/aarch64-linux-gnu/libc.so.6
waitpid@@GLIBC_2.17                               /lib/aarch64-linux-gnu/libc.so.6
waitpid@GLIBC_2.17                                /lib/aarch64-linux-gnu/libc.so.6
wcpcpy                                            /lib/aarch64-linux-gnu/libc.so.6
wcpcpy@@GLIBC_2.17                                /lib/aarch64-linux-gnu/libc.so.6
wcpcpy@GLIBC_2.17                                 /lib/aarch64-linux-gnu/libc.so.6
wcpncpy                                           /lib/aarch64-linux-gnu/libc.so.6
wcpncpy@@GLIBC_2.17                               /lib/aarch64-linux-gnu/libc.so.6
wcpncpy@GLIBC_2.17                                /lib/aarch64-linux-gnu/libc.so.6
wcrtomb                                           /lib/aarch64-linux-gnu/libc.so.6
wcrtomb@@GLIBC_2.17                               /lib/aarch64-linux-gnu/libc.so.6
wcrtomb@GLIBC_2.17                                /lib/aarch64-linux-gnu/libc.so.6
wcscasecmp                                        /lib/aarch64-linux-gnu/libc.so.6
wcscasecmp@@GLIBC_2.17                            /lib/aarch64-linux-gnu/libc.so.6
wcscasecmp@GLIBC_2.17                             /lib/aarch64-linux-gnu/libc.so.6
wcscasecmp_l                                      /lib/aarch64-linux-gnu/libc.so.6
wcscasecmp_l@@GLIBC_2.17                          /lib/aarch64-linux-gnu/libc.so.6
wcscasecmp_l@GLIBC_2.17                           /lib/aarch64-linux-gnu/libc.so.6
wcscat                                            /lib/aarch64-linux-gnu/libc.so.6
wcscat@@GLIBC_2.17                                /lib/aarch64-linux-gnu/libc.so.6
wcscat@GLIBC_2.17                                 /lib/aarch64-linux-gnu/libc.so.6
wcschr                                            /lib/aarch64-linux-gnu/libc.so.6
wcschr@@GLIBC_2.17                                /lib/aarch64-linux-gnu/libc.so.6
wcschr@GLIBC_2.17                                 /lib/aarch64-linux-gnu/libc.so.6
wcschrnul                                         /lib/aarch64-linux-gnu/libc.so.6
wcschrnul@@GLIBC_2.17                             /lib/aarch64-linux-gnu/libc.so.6
wcschrnul@GLIBC_2.17                              /lib/aarch64-linux-gnu/libc.so.6
wcscmp                                            /lib/aarch64-linux-gnu/libc.so.6
wcscmp@@GLIBC_2.17                                /lib/aarch64-linux-gnu/libc.so.6
wcscmp@GLIBC_2.17                                 /lib/aarch64-linux-gnu/libc.so.6
wcscoll                                           /lib/aarch64-linux-gnu/libc.so.6
wcscoll@@GLIBC_2.17                               /lib/aarch64-linux-gnu/libc.so.6
wcscoll@GLIBC_2.17                                /lib/aarch64-linux-gnu/libc.so.6
wcscoll_l                                         /lib/aarch64-linux-gnu/libc.so.6
wcscoll_l@@GLIBC_2.17                             /lib/aarch64-linux-gnu/libc.so.6
wcscoll_l@GLIBC_2.17                              /lib/aarch64-linux-gnu/libc.so.6
wcscpy                                            /lib/aarch64-linux-gnu/libc.so.6
wcscpy@@GLIBC_2.17                                /lib/aarch64-linux-gnu/libc.so.6
wcscpy@GLIBC_2.17                                 /lib/aarch64-linux-gnu/libc.so.6
wcsftime_l                                        /lib/aarch64-linux-gnu/libc.so.6
wcsftime_l@@GLIBC_2.17                            /lib/aarch64-linux-gnu/libc.so.6
wcsftime_l@GLIBC_2.17                             /lib/aarch64-linux-gnu/libc.so.6
wcslcat                                           /lib/aarch64-linux-gnu/libc.so.6
wcslcat@@GLIBC_2.38                               /lib/aarch64-linux-gnu/libc.so.6
wcslcat@GLIBC_2.38                                /lib/aarch64-linux-gnu/libc.so.6
wcslcpy                                           /lib/aarch64-linux-gnu/libc.so.6
wcslcpy@@GLIBC_2.38                               /lib/aarch64-linux-gnu/libc.so.6
wcslcpy@GLIBC_2.38                                /lib/aarch64-linux-gnu/libc.so.6
wcslen                                            /lib/aarch64-linux-gnu/libc.so.6
wcslen@@GLIBC_2.17                                /lib/aarch64-linux-gnu/libc.so.6
wcslen@GLIBC_2.17                                 /lib/aarch64-linux-gnu/libc.so.6
wcsncasecmp                                       /lib/aarch64-linux-gnu/libc.so.6
wcsncasecmp@@GLIBC_2.17                           /lib/aarch64-linux-gnu/libc.so.6
wcsncasecmp@GLIBC_2.17                            /lib/aarch64-linux-gnu/libc.so.6
wcsncasecmp_l                                     /lib/aarch64-linux-gnu/libc.so.6
wcsncasecmp_l@@GLIBC_2.17                         /lib/aarch64-linux-gnu/libc.so.6
wcsncasecmp_l@GLIBC_2.17                          /lib/aarch64-linux-gnu/libc.so.6
wcsncpy                                           /lib/aarch64-linux-gnu/libc.so.6
wcsncpy@@GLIBC_2.17                               /lib/aarch64-linux-gnu/libc.so.6
wcsncpy@GLIBC_2.17                                /lib/aarch64-linux-gnu/libc.so.6
wcsnlen                                           /lib/aarch64-linux-gnu/libc.so.6
wcsnlen@@GLIBC_2.17                               /lib/aarch64-linux-gnu/libc.so.6
wcsnlen@GLIBC_2.17                                /lib/aarch64-linux-gnu/libc.so.6
wcsnrtombs                                        /lib/aarch64-linux-gnu/libc.so.6
wcsnrtombs@@GLIBC_2.17                            /lib/aarch64-linux-gnu/libc.so.6
wcsnrtombs@GLIBC_2.17                             /lib/aarch64-linux-gnu/libc.so.6
wcsrtombs                                         /lib/aarch64-linux-gnu/libc.so.6
wcsrtombs@@GLIBC_2.17                             /lib/aarch64-linux-gnu/libc.so.6
wcsrtombs@GLIBC_2.17                              /lib/aarch64-linux-gnu/libc.so.6
wcstod_l                                          /lib/aarch64-linux-gnu/libc.so.6
wcstod_l@@GLIBC_2.17                              /lib/aarch64-linux-gnu/libc.so.6
wcstod_l@GLIBC_2.17                               /lib/aarch64-linux-gnu/libc.so.6
wcstof128                                         /lib/aarch64-linux-gnu/libc.so.6
wcstof128@@GLIBC_2.27                             /lib/aarch64-linux-gnu/libc.so.6
wcstof128@GLIBC_2.27                              /lib/aarch64-linux-gnu/libc.so.6
wcstof128_l                                       /lib/aarch64-linux-gnu/libc.so.6
wcstof128_l@@GLIBC_2.27                           /lib/aarch64-linux-gnu/libc.so.6
wcstof128_l@GLIBC_2.27                            /lib/aarch64-linux-gnu/libc.so.6
wcstof32                                          /lib/aarch64-linux-gnu/libc.so.6
wcstof32@@GLIBC_2.27                              /lib/aarch64-linux-gnu/libc.so.6
wcstof32@GLIBC_2.27                               /lib/aarch64-linux-gnu/libc.so.6
wcstof32_l                                        /lib/aarch64-linux-gnu/libc.so.6
wcstof32_l@@GLIBC_2.27                            /lib/aarch64-linux-gnu/libc.so.6
wcstof32_l@GLIBC_2.27                             /lib/aarch64-linux-gnu/libc.so.6
wcstof32x                                         /lib/aarch64-linux-gnu/libc.so.6
wcstof32x@@GLIBC_2.27                             /lib/aarch64-linux-gnu/libc.so.6
wcstof32x@GLIBC_2.27                              /lib/aarch64-linux-gnu/libc.so.6
wcstof32x_l                                       /lib/aarch64-linux-gnu/libc.so.6
wcstof32x_l@@GLIBC_2.27                           /lib/aarch64-linux-gnu/libc.so.6
wcstof32x_l@GLIBC_2.27                            /lib/aarch64-linux-gnu/libc.so.6
wcstof64                                          /lib/aarch64-linux-gnu/libc.so.6
wcstof64@@GLIBC_2.27                              /lib/aarch64-linux-gnu/libc.so.6
wcstof64@GLIBC_2.27                               /lib/aarch64-linux-gnu/libc.so.6
wcstof64_l                                        /lib/aarch64-linux-gnu/libc.so.6
wcstof64_l@@GLIBC_2.27                            /lib/aarch64-linux-gnu/libc.so.6
wcstof64_l@GLIBC_2.27                             /lib/aarch64-linux-gnu/libc.so.6
wcstof64x                                         /lib/aarch64-linux-gnu/libc.so.6
wcstof64x@@GLIBC_2.27                             /lib/aarch64-linux-gnu/libc.so.6
wcstof64x@GLIBC_2.27                              /lib/aarch64-linux-gnu/libc.so.6
wcstof64x_l                                       /lib/aarch64-linux-gnu/libc.so.6
wcstof64x_l@@GLIBC_2.27                           /lib/aarch64-linux-gnu/libc.so.6
wcstof64x_l@GLIBC_2.27                            /lib/aarch64-linux-gnu/libc.so.6
wcstof_l                                          /lib/aarch64-linux-gnu/libc.so.6
wcstof_l@@GLIBC_2.17                              /lib/aarch64-linux-gnu/libc.so.6
wcstof_l@GLIBC_2.17                               /lib/aarch64-linux-gnu/libc.so.6
wcstoimax                                         /lib/aarch64-linux-gnu/libc.so.6
wcstoimax@@GLIBC_2.17                             /lib/aarch64-linux-gnu/libc.so.6
wcstoimax@GLIBC_2.17                              /lib/aarch64-linux-gnu/libc.so.6
wcstol                                            /lib/aarch64-linux-gnu/libc.so.6
wcstol@@GLIBC_2.17                                /lib/aarch64-linux-gnu/libc.so.6
wcstol@GLIBC_2.17                                 /lib/aarch64-linux-gnu/libc.so.6
wcstol_l                                          /lib/aarch64-linux-gnu/libc.so.6
wcstol_l@@GLIBC_2.17                              /lib/aarch64-linux-gnu/libc.so.6
wcstol_l@GLIBC_2.17                               /lib/aarch64-linux-gnu/libc.so.6
wcstold_l                                         /lib/aarch64-linux-gnu/libc.so.6
wcstold_l@@GLIBC_2.17                             /lib/aarch64-linux-gnu/libc.so.6
wcstold_l@GLIBC_2.17                              /lib/aarch64-linux-gnu/libc.so.6
wcstoll                                           /lib/aarch64-linux-gnu/libc.so.6
wcstoll@@GLIBC_2.17                               /lib/aarch64-linux-gnu/libc.so.6
wcstoll@GLIBC_2.17                                /lib/aarch64-linux-gnu/libc.so.6
wcstoll_l                                         /lib/aarch64-linux-gnu/libc.so.6
wcstoll_l@@GLIBC_2.17                             /lib/aarch64-linux-gnu/libc.so.6
wcstoll_l@GLIBC_2.17                              /lib/aarch64-linux-gnu/libc.so.6
wcstoq                                            /lib/aarch64-linux-gnu/libc.so.6
wcstoq@@GLIBC_2.17                                /lib/aarch64-linux-gnu/libc.so.6
wcstoq@GLIBC_2.17                                 /lib/aarch64-linux-gnu/libc.so.6
wcstoul                                           /lib/aarch64-linux-gnu/libc.so.6
wcstoul@@GLIBC_2.17                               /lib/aarch64-linux-gnu/libc.so.6
wcstoul@GLIBC_2.17                                /lib/aarch64-linux-gnu/libc.so.6
wcstoul_l                                         /lib/aarch64-linux-gnu/libc.so.6
wcstoul_l@@GLIBC_2.17                             /lib/aarch64-linux-gnu/libc.so.6
wcstoul_l@GLIBC_2.17                              /lib/aarch64-linux-gnu/libc.so.6
wcstoull                                          /lib/aarch64-linux-gnu/libc.so.6
wcstoull@@GLIBC_2.17                              /lib/aarch64-linux-gnu/libc.so.6
wcstoull@GLIBC_2.17                               /lib/aarch64-linux-gnu/libc.so.6
wcstoull_l                                        /lib/aarch64-linux-gnu/libc.so.6
wcstoull_l@@GLIBC_2.17                            /lib/aarch64-linux-gnu/libc.so.6
wcstoull_l@GLIBC_2.17                             /lib/aarch64-linux-gnu/libc.so.6
wcstoumax                                         /lib/aarch64-linux-gnu/libc.so.6
wcstoumax@@GLIBC_2.17                             /lib/aarch64-linux-gnu/libc.so.6
wcstoumax@GLIBC_2.17                              /lib/aarch64-linux-gnu/libc.so.6
wcstouq                                           /lib/aarch64-linux-gnu/libc.so.6
wcstouq@@GLIBC_2.17                               /lib/aarch64-linux-gnu/libc.so.6
wcstouq@GLIBC_2.17                                /lib/aarch64-linux-gnu/libc.so.6
wcswcs                                            /lib/aarch64-linux-gnu/libc.so.6
wcswcs@@GLIBC_2.17                                /lib/aarch64-linux-gnu/libc.so.6
wcswcs@GLIBC_2.17                                 /lib/aarch64-linux-gnu/libc.so.6
wcsxfrm_l                                         /lib/aarch64-linux-gnu/libc.so.6
wcsxfrm_l@@GLIBC_2.17                             /lib/aarch64-linux-gnu/libc.so.6
wcsxfrm_l@GLIBC_2.17                              /lib/aarch64-linux-gnu/libc.so.6
wctrans                                           /lib/aarch64-linux-gnu/libc.so.6
wctrans@@GLIBC_2.17                               /lib/aarch64-linux-gnu/libc.so.6
wctrans@GLIBC_2.17                                /lib/aarch64-linux-gnu/libc.so.6
wctrans_l                                         /lib/aarch64-linux-gnu/libc.so.6
wctrans_l@@GLIBC_2.17                             /lib/aarch64-linux-gnu/libc.so.6
wctrans_l@GLIBC_2.17                              /lib/aarch64-linux-gnu/libc.so.6
wctype                                            /lib/aarch64-linux-gnu/libc.so.6
wctype@@GLIBC_2.17                                /lib/aarch64-linux-gnu/libc.so.6
wctype@GLIBC_2.17                                 /lib/aarch64-linux-gnu/libc.so.6
wctype_l                                          /lib/aarch64-linux-gnu/libc.so.6
wctype_l@@GLIBC_2.17                              /lib/aarch64-linux-gnu/libc.so.6
wctype_l@GLIBC_2.17                               /lib/aarch64-linux-gnu/libc.so.6
wmemchr                                           /lib/aarch64-linux-gnu/libc.so.6
wmemchr@@GLIBC_2.17                               /lib/aarch64-linux-gnu/libc.so.6
wmemchr@GLIBC_2.17                                /lib/aarch64-linux-gnu/libc.so.6
wmemcmp                                           /lib/aarch64-linux-gnu/libc.so.6
wmemcmp@@GLIBC_2.17                               /lib/aarch64-linux-gnu/libc.so.6
wmemcmp@GLIBC_2.17                                /lib/aarch64-linux-gnu/libc.so.6
wmemcpy                                           /lib/aarch64-linux-gnu/libc.so.6
wmemcpy@@GLIBC_2.17                               /lib/aarch64-linux-gnu/libc.so.6
wmemcpy@GLIBC_2.17                                /lib/aarch64-linux-gnu/libc.so.6
wmemmove                                          /lib/aarch64-linux-gnu/libc.so.6
wmemmove@@GLIBC_2.17                              /lib/aarch64-linux-gnu/libc.so.6
wmemmove@GLIBC_2.17                               /lib/aarch64-linux-gnu/libc.so.6
wmempcpy                                          /lib/aarch64-linux-gnu/libc.so.6
wmempcpy@@GLIBC_2.17                              /lib/aarch64-linux-gnu/libc.so.6
wmempcpy@GLIBC_2.17                               /lib/aarch64-linux-gnu/libc.so.6
wmemset                                           /lib/aarch64-linux-gnu/libc.so.6
wmemset@@GLIBC_2.17                               /lib/aarch64-linux-gnu/libc.so.6
wmemset@GLIBC_2.17                                /lib/aarch64-linux-gnu/libc.so.6
write                                             /lib/aarch64-linux-gnu/libc.so.6
write@@GLIBC_2.17                                 /lib/aarch64-linux-gnu/libc.so.6
write@GLIBC_2.17                                  /lib/aarch64-linux-gnu/libc.so.6
writev                                            /lib/aarch64-linux-gnu/libc.so.6
writev@@GLIBC_2.17                                /lib/aarch64-linux-gnu/libc.so.6
writev@GLIBC_2.17                                 /lib/aarch64-linux-gnu/libc.so.6
